******************************************************************************
                  TI ARM Linker Unix v18.1.2                   
******************************************************************************
>> Linked Sat Dec  8 13:43:36 2018

OUTPUT FILE NAME:   <MazeDrivers.out>
ENTRY POINT SYMBOL: "_c_int00_noargs"  address: 00000a99


MEMORY CONFIGURATION

         name            origin    length      used     unused   attr    fill
----------------------  --------  ---------  --------  --------  ----  --------
  MAIN                  00000000   00040000  00000b5e  0003f4a2  R  X
  INFO                  00200000   00004000  00000000  00004000  R  X
  SRAM_CODE             01000000   00010000  00000234  0000fdcc  RW X
  SRAM_DATA             20000000   00010000  00000234  0000fdcc  RW  


SEGMENT ALLOCATION MAP

run origin  load origin   length   init length attrs members
----------  ----------- ---------- ----------- ----- -------
00000000    00000000    00000b60   00000b60    r-x
  00000000    00000000    000000e4   000000e4    r-- .intvecs
  000000e4    000000e4    00000a42   00000a42    r-x .text
  00000b28    00000b28    00000038   00000038    r-- .cinit
20000000    20000000    00000034   00000000    rw-
  20000000    20000000    00000028   00000000    rw- .bss
  20000028    20000028    0000000c   00000000    rw- .data
2000fe00    2000fe00    00000200   00000000    rw-
  2000fe00    2000fe00    00000200   00000000    rw- .stack


SECTION ALLOCATION MAP

 output                                  attributes/
section   page    origin      length       input sections
--------  ----  ----------  ----------   ----------------
.intvecs   0    00000000    000000e4     
                  00000000    000000e4     startup_msp432p401r_ccs.obj (.intvecs:retain)

.text      0    000000e4    00000a42     
                  000000e4    00000334     system_msp432p401r.obj (.text)
                  00000418    000001a4     MotorEncoder.obj (.text)
                  000005bc    00000136     rtsv7M4_T_le_v4SPD16_eabi.lib : fd_div_t2.asm.obj (.text)
                  000006f2    000000fc                                   : fd_mul_t2.asm.obj (.text)
                  000007ee    00000002     --HOLE-- [fill = 0]
                  000007f0    000000f0     BumpSwitch.obj (.text)
                  000008e0    0000009c     rtsv7M4_T_le_v4SPD16_eabi.lib : memcpy_t2.asm.obj (.text)
                  0000097c    0000006e                                   : fd_tos_t2.asm.obj (.text)
                  000009ea    00000068                                   : copy_decompress_lzss.c.obj (.text:decompress:lzss:__TI_decompress_lzss)
                  00000a52    00000002     --HOLE-- [fill = 0]
                  00000a54    00000044                                   : autoinit.c.obj (.text:__TI_auto_init_nobinit_nopinit:__TI_auto_init_nobinit_nopinit)
                  00000a98    00000038                                   : boot_cortex_m.c.obj (.text:_c_int00_noargs:_c_int00_noargs)
                  00000ad0    00000020                                   : u_tofd_t2.asm.obj (.text)
                  00000af0    00000012                                   : copy_zero_init.c.obj (.text:decompress:ZI:__TI_zero_init_nomemset:__TI_zero_init_nomemset)
                  00000b02    0000000e                                   : copy_decompress_none.c.obj (.text:decompress:none:__TI_decompress_none)
                  00000b10    0000000e     startup_msp432p401r_ccs.obj (.text)
                  00000b1e    00000004     rtsv7M4_T_le_v4SPD16_eabi.lib : pre_init.c.obj (.text:_system_pre_init)
                  00000b22    00000004                                   : exit.c.obj (.text:abort:abort)

.cinit     0    00000b28    00000038     
                  00000b28    00000011     (.cinit..data.load) [load image, compression = lzss]
                  00000b39    00000003     --HOLE-- [fill = 0]
                  00000b3c    0000000c     (__TI_handler_table)
                  00000b48    00000008     (.cinit..bss.load) [load image, compression = zero_init]
                  00000b50    00000010     (__TI_cinit_table)

.init_array 
*          0    00000000    00000000     UNINITIALIZED

.binit     0    00000000    00000000     

.bss       0    20000000    00000028     UNINITIALIZED
                  20000000    00000014     MotorEncoder.obj (.bss:left_encoder)
                  20000014    00000014     MotorEncoder.obj (.bss:right_encoder)

.data      0    20000028    0000000c     UNINITIALIZED
                  20000028    00000008     BumpSwitch.obj (.data)
                  20000030    00000004     system_msp432p401r.obj (.data)

.stack     0    2000fe00    00000200     UNINITIALIZED
                  2000fe00    00000004     rtsv7M4_T_le_v4SPD16_eabi.lib : boot_cortex_m.c.obj (.stack)
                  2000fe04    000001fc     --HOLE--

MODULE SUMMARY

       Module                        code   ro data   rw data
       ------                        ----   -------   -------
    ./
       system_msp432p401r.obj        820    0         8      
       MotorEncoder.obj              420    0         80     
       BumpSwitch.obj                240    0         16     
       startup_msp432p401r_ccs.obj   14     228       0      
    +--+-----------------------------+------+---------+---------+
       Total:                        1494   228       104    
                                                             
    /Applications/ti/ccsv8/tools/compiler/ti-cgt-arm_18.1.2.LTS/lib/rtsv7M4_T_le_v4SPD16_eabi.lib
       fd_div_t2.asm.obj             310    0         0      
       fd_mul_t2.asm.obj             252    0         0      
       memcpy_t2.asm.obj             156    0         0      
       fd_tos_t2.asm.obj             110    0         0      
       copy_decompress_lzss.c.obj    104    0         0      
       autoinit.c.obj                68     0         0      
       boot_cortex_m.c.obj           56     0         0      
       u_tofd_t2.asm.obj             32     0         0      
       copy_zero_init.c.obj          18     0         0      
       copy_decompress_none.c.obj    14     0         0      
       exit.c.obj                    4      0         0      
       pre_init.c.obj                4      0         0      
    +--+-----------------------------+------+---------+---------+
       Total:                        1128   0         0      
                                                             
       Stack:                        0      0         1024   
       Linker Generated:             0      53        0      
    +--+-----------------------------+------+---------+---------+
       Grand Total:                  2622   281       1128   


LINKER GENERATED COPY TABLES

__TI_cinit_table @ 00000b50 records: 2, size/record: 8, table size: 16
	.data: load addr=00000b28, load size=00000011 bytes, run addr=20000028, run size=0000000c bytes, compression=lzss
	.bss: load addr=00000b48, load size=00000008 bytes, run addr=20000000, run size=00000028 bytes, compression=zero_init


LINKER GENERATED HANDLER TABLE

__TI_handler_table @ 00000b3c records: 3, size/record: 4, table size: 12
	index: 0, handler: __TI_decompress_lzss
	index: 1, handler: __TI_decompress_none
	index: 2, handler: __TI_zero_init


GLOBAL SYMBOLS: SORTED ALPHABETICALLY BY Name 

address   name                          
-------   ----                          
00000b1d  ADC14_IRQHandler              
00000b1d  AES256_IRQHandler             
00000829  BumpSwitches_Init             
00000b1d  BusFault_Handler              
00000b23  C$$EXIT                       
00000b1d  COMP_E0_IRQHandler            
00000b1d  COMP_E1_IRQHandler            
00000b1d  CS_IRQHandler                 
00000b1d  DMA_ERR_IRQHandler            
00000b1d  DMA_INT0_IRQHandler           
00000b1d  DMA_INT1_IRQHandler           
00000b1d  DMA_INT2_IRQHandler           
00000b1d  DMA_INT3_IRQHandler           
00000b1d  DebugMon_Handler              
00000b1d  Default_Handler               
00000b1d  EUSCIA0_IRQHandler            
00000b1d  EUSCIA1_IRQHandler            
00000b1d  EUSCIA2_IRQHandler            
00000b1d  EUSCIA3_IRQHandler            
00000b1d  EUSCIB0_IRQHandler            
00000b1d  EUSCIB1_IRQHandler            
00000b1d  EUSCIB2_IRQHandler            
00000b1d  EUSCIB3_IRQHandler            
00000b1d  FLCTL_IRQHandler              
00000b1d  FPU_IRQHandler                
00000b1d  HardFault_Handler             
00000b1d  MemManage_Handler             
00000445  MotorEncoder_Init             
00000b1d  NMI_Handler                   
00000b1d  PCM_IRQHandler                
00000b1d  PORT1_IRQHandler              
000004db  PORT2_IRQHandler              
000004db  PORT2_IRQHandler              
00000b1d  PORT3_IRQHandler              
00000897  PORT4_IRQHandler              
00000897  PORT4_IRQHandler              
00000b1d  PORT5_IRQHandler              
00000b1d  PORT6_IRQHandler              
00000b1d  PSS_IRQHandler                
00000b1d  PendSV_Handler                
00000b1d  RTC_C_IRQHandler              
00000b11  Reset_Handler                 
00000b1d  SVC_Handler                   
00000b1d  SysTick_Handler               
20000030  SystemCoreClock               
000000e5  SystemCoreClockUpdate         
0000035d  SystemInit                    
00000b1d  T32_INT1_IRQHandler           
00000b1d  T32_INT2_IRQHandler           
00000b1d  T32_INTC_IRQHandler           
00000b1d  TA0_0_IRQHandler              
00000511  TA0_N_IRQHandler              
00000511  TA0_N_IRQHandler              
00000b1d  TA1_0_IRQHandler              
00000b1d  TA1_N_IRQHandler              
00000b1d  TA2_0_IRQHandler              
00000b1d  TA2_N_IRQHandler              
00000b1d  TA3_0_IRQHandler              
00000b1d  TA3_N_IRQHandler              
00000b1d  UsageFault_Handler            
4000480c  WDTCTL_SYM                    
00000b1d  WDT_A_IRQHandler              
20010000  __STACK_END                   
00000200  __STACK_SIZE                  
00000b50  __TI_CINIT_Base               
00000b60  __TI_CINIT_Limit              
00000b3c  __TI_Handler_Table_Base       
00000b48  __TI_Handler_Table_Limit      
00000a55  __TI_auto_init_nobinit_nopinit
000009eb  __TI_decompress_lzss          
00000b03  __TI_decompress_none          
ffffffff  __TI_pprof_out_hndl           
ffffffff  __TI_prof_data_size           
ffffffff  __TI_prof_data_start          
00000000  __TI_static_base__            
00000af1  __TI_zero_init_nomemset       
0000097d  __aeabi_d2f                   
000005bd  __aeabi_ddiv                  
000006f3  __aeabi_dmul                  
000008e1  __aeabi_memcpy                
000008e1  __aeabi_memcpy4               
000008e1  __aeabi_memcpy8               
00000ad1  __aeabi_ui2d                  
ffffffff  __binit__                     
ffffffff  __c_args__                    
UNDEFED   __mpu_init                    
2000fe00  __stack                       
00000a99  _c_int00_noargs               
UNDEFED   _system_post_cinit            
00000b1f  _system_pre_init              
00000b23  abort                         
ffffffff  binit                         
0000081d  bump_def_handler              
2000002c  bump_task                     
000004ab  count_to_cm                   
00000000  interruptVectors              
UNDEFED   main                          
000008e1  memcpy                        
000004d7  motor_encoder_get_left        
000004d3  motor_encoder_get_right       


GLOBAL SYMBOLS: SORTED BY Symbol Address 

address   name                          
-------   ----                          
00000000  __TI_static_base__            
00000000  interruptVectors              
000000e5  SystemCoreClockUpdate         
00000200  __STACK_SIZE                  
0000035d  SystemInit                    
00000445  MotorEncoder_Init             
000004ab  count_to_cm                   
000004d3  motor_encoder_get_right       
000004d7  motor_encoder_get_left        
000004db  PORT2_IRQHandler              
000004db  PORT2_IRQHandler              
00000511  TA0_N_IRQHandler              
00000511  TA0_N_IRQHandler              
000005bd  __aeabi_ddiv                  
000006f3  __aeabi_dmul                  
0000081d  bump_def_handler              
00000829  BumpSwitches_Init             
00000897  PORT4_IRQHandler              
00000897  PORT4_IRQHandler              
000008e1  __aeabi_memcpy                
000008e1  __aeabi_memcpy4               
000008e1  __aeabi_memcpy8               
000008e1  memcpy                        
0000097d  __aeabi_d2f                   
000009eb  __TI_decompress_lzss          
00000a55  __TI_auto_init_nobinit_nopinit
00000a99  _c_int00_noargs               
00000ad1  __aeabi_ui2d                  
00000af1  __TI_zero_init_nomemset       
00000b03  __TI_decompress_none          
00000b11  Reset_Handler                 
00000b1d  ADC14_IRQHandler              
00000b1d  AES256_IRQHandler             
00000b1d  BusFault_Handler              
00000b1d  COMP_E0_IRQHandler            
00000b1d  COMP_E1_IRQHandler            
00000b1d  CS_IRQHandler                 
00000b1d  DMA_ERR_IRQHandler            
00000b1d  DMA_INT0_IRQHandler           
00000b1d  DMA_INT1_IRQHandler           
00000b1d  DMA_INT2_IRQHandler           
00000b1d  DMA_INT3_IRQHandler           
00000b1d  DebugMon_Handler              
00000b1d  Default_Handler               
00000b1d  EUSCIA0_IRQHandler            
00000b1d  EUSCIA1_IRQHandler            
00000b1d  EUSCIA2_IRQHandler            
00000b1d  EUSCIA3_IRQHandler            
00000b1d  EUSCIB0_IRQHandler            
00000b1d  EUSCIB1_IRQHandler            
00000b1d  EUSCIB2_IRQHandler            
00000b1d  EUSCIB3_IRQHandler            
00000b1d  FLCTL_IRQHandler              
00000b1d  FPU_IRQHandler                
00000b1d  HardFault_Handler             
00000b1d  MemManage_Handler             
00000b1d  NMI_Handler                   
00000b1d  PCM_IRQHandler                
00000b1d  PORT1_IRQHandler              
00000b1d  PORT3_IRQHandler              
00000b1d  PORT5_IRQHandler              
00000b1d  PORT6_IRQHandler              
00000b1d  PSS_IRQHandler                
00000b1d  PendSV_Handler                
00000b1d  RTC_C_IRQHandler              
00000b1d  SVC_Handler                   
00000b1d  SysTick_Handler               
00000b1d  T32_INT1_IRQHandler           
00000b1d  T32_INT2_IRQHandler           
00000b1d  T32_INTC_IRQHandler           
00000b1d  TA0_0_IRQHandler              
00000b1d  TA1_0_IRQHandler              
00000b1d  TA1_N_IRQHandler              
00000b1d  TA2_0_IRQHandler              
00000b1d  TA2_N_IRQHandler              
00000b1d  TA3_0_IRQHandler              
00000b1d  TA3_N_IRQHandler              
00000b1d  UsageFault_Handler            
00000b1d  WDT_A_IRQHandler              
00000b1f  _system_pre_init              
00000b23  C$$EXIT                       
00000b23  abort                         
00000b3c  __TI_Handler_Table_Base       
00000b48  __TI_Handler_Table_Limit      
00000b50  __TI_CINIT_Base               
00000b60  __TI_CINIT_Limit              
2000002c  bump_task                     
20000030  SystemCoreClock               
2000fe00  __stack                       
20010000  __STACK_END                   
4000480c  WDTCTL_SYM                    
ffffffff  __TI_pprof_out_hndl           
ffffffff  __TI_prof_data_size           
ffffffff  __TI_prof_data_start          
ffffffff  __binit__                     
ffffffff  __c_args__                    
ffffffff  binit                         
UNDEFED   __mpu_init                    
UNDEFED   _system_post_cinit            
UNDEFED   main                          

[100 symbols]
