<?xml version="1.0" encoding="ISO-8859-1" ?>
<link_info>
   <banner>TI ARM Linker Unix v18.1.2.LTS</banner>
   <copyright>Copyright (c) 1996-2017 Texas Instruments Incorporated</copyright>
   <link_time>0x5c0c2cf8</link_time>
   <link_errors>0x1</link_errors>
   <output_file>MazeDrivers.out</output_file>
   <entry_point>
      <name>_c_int00_noargs</name>
      <address>0xa99</address>
   </entry_point>
   <input_file_list>
      <input_file id="fl-1">
         <path>./</path>
         <kind>object</kind>
         <file>BumpSwitch.obj</file>
         <name>BumpSwitch.obj</name>
      </input_file>
      <input_file id="fl-2">
         <path>./</path>
         <kind>object</kind>
         <file>DriveSystem.obj</file>
         <name>DriveSystem.obj</name>
      </input_file>
      <input_file id="fl-3">
         <path>./</path>
         <kind>object</kind>
         <file>LidarSensors.obj</file>
         <name>LidarSensors.obj</name>
      </input_file>
      <input_file id="fl-4">
         <path>./</path>
         <kind>object</kind>
         <file>LineSensors.obj</file>
         <name>LineSensors.obj</name>
      </input_file>
      <input_file id="fl-5">
         <path>./</path>
         <kind>object</kind>
         <file>MotorEncoder.obj</file>
         <name>MotorEncoder.obj</name>
      </input_file>
      <input_file id="fl-6">
         <path>./</path>
         <kind>object</kind>
         <file>SysTick.obj</file>
         <name>SysTick.obj</name>
      </input_file>
      <input_file id="fl-7">
         <path>./</path>
         <kind>object</kind>
         <file>startup_msp432p401r_ccs.obj</file>
         <name>startup_msp432p401r_ccs.obj</name>
      </input_file>
      <input_file id="fl-8">
         <path>./</path>
         <kind>object</kind>
         <file>system_msp432p401r.obj</file>
         <name>system_msp432p401r.obj</name>
      </input_file>
      <input_file id="fl-c">
         <kind>object</kind>
         <file>&lt;internal&gt;</file>
         <name>&lt;internal&gt;</name>
      </input_file>
      <input_file id="fl-c2">
         <path>/Applications/ti/ccsv8/tools/compiler/ti-cgt-arm_18.1.2.LTS/lib/</path>
         <kind>archive</kind>
         <file>rtsv7M4_T_le_v4SPD16_eabi.lib</file>
         <name>fd_add_t2.asm.obj</name>
      </input_file>
      <input_file id="fl-c3">
         <path>/Applications/ti/ccsv8/tools/compiler/ti-cgt-arm_18.1.2.LTS/lib/</path>
         <kind>archive</kind>
         <file>rtsv7M4_T_le_v4SPD16_eabi.lib</file>
         <name>fd_cmp_t2.asm.obj</name>
      </input_file>
      <input_file id="fl-c4">
         <path>/Applications/ti/ccsv8/tools/compiler/ti-cgt-arm_18.1.2.LTS/lib/</path>
         <kind>archive</kind>
         <file>rtsv7M4_T_le_v4SPD16_eabi.lib</file>
         <name>fd_div_t2.asm.obj</name>
      </input_file>
      <input_file id="fl-c5">
         <path>/Applications/ti/ccsv8/tools/compiler/ti-cgt-arm_18.1.2.LTS/lib/</path>
         <kind>archive</kind>
         <file>rtsv7M4_T_le_v4SPD16_eabi.lib</file>
         <name>fd_mul_t2.asm.obj</name>
      </input_file>
      <input_file id="fl-c6">
         <path>/Applications/ti/ccsv8/tools/compiler/ti-cgt-arm_18.1.2.LTS/lib/</path>
         <kind>archive</kind>
         <file>rtsv7M4_T_le_v4SPD16_eabi.lib</file>
         <name>fd_toi_t2.asm.obj</name>
      </input_file>
      <input_file id="fl-c7">
         <path>/Applications/ti/ccsv8/tools/compiler/ti-cgt-arm_18.1.2.LTS/lib/</path>
         <kind>archive</kind>
         <file>rtsv7M4_T_le_v4SPD16_eabi.lib</file>
         <name>fd_tos_t2.asm.obj</name>
      </input_file>
      <input_file id="fl-c8">
         <path>/Applications/ti/ccsv8/tools/compiler/ti-cgt-arm_18.1.2.LTS/lib/</path>
         <kind>archive</kind>
         <file>rtsv7M4_T_le_v4SPD16_eabi.lib</file>
         <name>fd_tou_t2.asm.obj</name>
      </input_file>
      <input_file id="fl-c9">
         <path>/Applications/ti/ccsv8/tools/compiler/ti-cgt-arm_18.1.2.LTS/lib/</path>
         <kind>archive</kind>
         <file>rtsv7M4_T_le_v4SPD16_eabi.lib</file>
         <name>fs_tod_t2.asm.obj</name>
      </input_file>
      <input_file id="fl-ca">
         <path>/Applications/ti/ccsv8/tools/compiler/ti-cgt-arm_18.1.2.LTS/lib/</path>
         <kind>archive</kind>
         <file>rtsv7M4_T_le_v4SPD16_eabi.lib</file>
         <name>u_tofd_t2.asm.obj</name>
      </input_file>
      <input_file id="fl-cb">
         <path>/Applications/ti/ccsv8/tools/compiler/ti-cgt-arm_18.1.2.LTS/lib/</path>
         <kind>archive</kind>
         <file>rtsv7M4_T_le_v4SPD16_eabi.lib</file>
         <name>copy_zero_init.c.obj</name>
      </input_file>
      <input_file id="fl-cc">
         <path>/Applications/ti/ccsv8/tools/compiler/ti-cgt-arm_18.1.2.LTS/lib/</path>
         <kind>archive</kind>
         <file>rtsv7M4_T_le_v4SPD16_eabi.lib</file>
         <name>copy_decompress_none.c.obj</name>
      </input_file>
      <input_file id="fl-cd">
         <path>/Applications/ti/ccsv8/tools/compiler/ti-cgt-arm_18.1.2.LTS/lib/</path>
         <kind>archive</kind>
         <file>rtsv7M4_T_le_v4SPD16_eabi.lib</file>
         <name>copy_decompress_lzss.c.obj</name>
      </input_file>
      <input_file id="fl-ce">
         <path>/Applications/ti/ccsv8/tools/compiler/ti-cgt-arm_18.1.2.LTS/lib/</path>
         <kind>archive</kind>
         <file>rtsv7M4_T_le_v4SPD16_eabi.lib</file>
         <name>boot_cortex_m.c.obj</name>
      </input_file>
      <input_file id="fl-cf">
         <path>/Applications/ti/ccsv8/tools/compiler/ti-cgt-arm_18.1.2.LTS/lib/</path>
         <kind>archive</kind>
         <file>rtsv7M4_T_le_v4SPD16_eabi.lib</file>
         <name>exit.c.obj</name>
      </input_file>
      <input_file id="fl-d0">
         <path>/Applications/ti/ccsv8/tools/compiler/ti-cgt-arm_18.1.2.LTS/lib/</path>
         <kind>archive</kind>
         <file>rtsv7M4_T_le_v4SPD16_eabi.lib</file>
         <name>_lock.c.obj</name>
      </input_file>
      <input_file id="fl-d1">
         <path>/Applications/ti/ccsv8/tools/compiler/ti-cgt-arm_18.1.2.LTS/lib/</path>
         <kind>archive</kind>
         <file>rtsv7M4_T_le_v4SPD16_eabi.lib</file>
         <name>args_main.c.obj</name>
      </input_file>
      <input_file id="fl-d2">
         <path>/Applications/ti/ccsv8/tools/compiler/ti-cgt-arm_18.1.2.LTS/lib/</path>
         <kind>archive</kind>
         <file>rtsv7M4_T_le_v4SPD16_eabi.lib</file>
         <name>memset_t2.asm.obj</name>
      </input_file>
      <input_file id="fl-d3">
         <path>/Applications/ti/ccsv8/tools/compiler/ti-cgt-arm_18.1.2.LTS/lib/</path>
         <kind>archive</kind>
         <file>rtsv7M4_T_le_v4SPD16_eabi.lib</file>
         <name>memcpy_t2.asm.obj</name>
      </input_file>
      <input_file id="fl-d4">
         <path>/Applications/ti/ccsv8/tools/compiler/ti-cgt-arm_18.1.2.LTS/lib/</path>
         <kind>archive</kind>
         <file>rtsv7M4_T_le_v4SPD16_eabi.lib</file>
         <name>autoinit.c.obj</name>
      </input_file>
      <input_file id="fl-d5">
         <path>/Applications/ti/ccsv8/tools/compiler/ti-cgt-arm_18.1.2.LTS/lib/</path>
         <kind>archive</kind>
         <file>rtsv7M4_T_le_v4SPD16_eabi.lib</file>
         <name>pre_init.c.obj</name>
      </input_file>
      <input_file id="fl-d6">
         <path>/Applications/ti/ccsv8/tools/compiler/ti-cgt-arm_18.1.2.LTS/lib/</path>
         <kind>archive</kind>
         <file>rtsv7M4_T_le_v4SPD16_eabi.lib</file>
         <name>cpy_tbl.c.obj</name>
      </input_file>
   </input_file_list>
   <object_component_list>
      <object_component id="oc-23">
         <name>.intvecs:retain</name>
         <load_address>0x0</load_address>
         <run_address>0x0</run_address>
         <size>0xe4</size>
         <input_file_ref idref="fl-7"/>
      </object_component>
      <object_component id="oc-a8">
         <name>.text</name>
         <load_address>0xe4</load_address>
         <run_address>0xe4</run_address>
         <size>0x334</size>
         <input_file_ref idref="fl-8"/>
      </object_component>
      <object_component id="oc-6a">
         <name>.text</name>
         <load_address>0x418</load_address>
         <run_address>0x418</run_address>
         <size>0x1a4</size>
         <input_file_ref idref="fl-5"/>
      </object_component>
      <object_component id="oc-b4">
         <name>.text</name>
         <load_address>0x5bc</load_address>
         <run_address>0x5bc</run_address>
         <size>0x136</size>
         <input_file_ref idref="fl-c4"/>
      </object_component>
      <object_component id="oc-b9">
         <name>.text</name>
         <load_address>0x6f2</load_address>
         <run_address>0x6f2</run_address>
         <size>0xfc</size>
         <input_file_ref idref="fl-c5"/>
      </object_component>
      <object_component id="oc-70">
         <name>.text</name>
         <load_address>0x7f0</load_address>
         <run_address>0x7f0</run_address>
         <size>0xf0</size>
         <input_file_ref idref="fl-1"/>
      </object_component>
      <object_component id="oc-34">
         <name>.text</name>
         <load_address>0x8e0</load_address>
         <run_address>0x8e0</run_address>
         <size>0x9c</size>
         <input_file_ref idref="fl-d3"/>
      </object_component>
      <object_component id="oc-be">
         <name>.text</name>
         <load_address>0x97c</load_address>
         <run_address>0x97c</run_address>
         <size>0x6e</size>
         <input_file_ref idref="fl-c7"/>
      </object_component>
      <object_component id="oc-14">
         <name>.text:decompress:lzss:__TI_decompress_lzss</name>
         <load_address>0x9ea</load_address>
         <run_address>0x9ea</run_address>
         <size>0x68</size>
         <input_file_ref idref="fl-cd"/>
      </object_component>
      <object_component id="oc-fd">
         <name>.text:__TI_auto_init_nobinit_nopinit:__TI_auto_init_nobinit_nopinit</name>
         <load_address>0xa54</load_address>
         <run_address>0xa54</run_address>
         <size>0x44</size>
         <input_file_ref idref="fl-d4"/>
      </object_component>
      <object_component id="oc-52">
         <name>.text:_c_int00_noargs:_c_int00_noargs</name>
         <load_address>0xa98</load_address>
         <run_address>0xa98</run_address>
         <size>0x38</size>
         <input_file_ref idref="fl-ce"/>
      </object_component>
      <object_component id="oc-af">
         <name>.text</name>
         <load_address>0xad0</load_address>
         <run_address>0xad0</run_address>
         <size>0x20</size>
         <input_file_ref idref="fl-ca"/>
      </object_component>
      <object_component id="oc-40">
         <name>.text:decompress:ZI:__TI_zero_init_nomemset:__TI_zero_init_nomemset</name>
         <load_address>0xaf0</load_address>
         <run_address>0xaf0</run_address>
         <size>0x12</size>
         <input_file_ref idref="fl-cb"/>
      </object_component>
      <object_component id="oc-1a">
         <name>.text:decompress:none:__TI_decompress_none</name>
         <load_address>0xb02</load_address>
         <run_address>0xb02</run_address>
         <size>0xe</size>
         <input_file_ref idref="fl-cc"/>
      </object_component>
      <object_component id="oc-64">
         <name>.text</name>
         <load_address>0xb10</load_address>
         <run_address>0xb10</run_address>
         <size>0xe</size>
         <input_file_ref idref="fl-7"/>
      </object_component>
      <object_component id="oc-96">
         <name>.text:_system_pre_init</name>
         <load_address>0xb1e</load_address>
         <run_address>0xb1e</run_address>
         <size>0x4</size>
         <input_file_ref idref="fl-d5"/>
      </object_component>
      <object_component id="oc-f1">
         <name>.text:abort:abort</name>
         <load_address>0xb22</load_address>
         <run_address>0xb22</run_address>
         <size>0x4</size>
         <input_file_ref idref="fl-cf"/>
      </object_component>
      <object_component id="oc-1d4">
         <name>.cinit..data.load</name>
         <load_address>0xb28</load_address>
         <run_address>0xb28</run_address>
         <size>0x11</size>
      </object_component>
      <object_component id="oc-1d2">
         <name>__TI_handler_table</name>
         <load_address>0xb3c</load_address>
         <run_address>0xb3c</run_address>
         <size>0xc</size>
      </object_component>
      <object_component id="oc-1d5">
         <name>.cinit..bss.load</name>
         <load_address>0xb48</load_address>
         <run_address>0xb48</run_address>
         <size>0x8</size>
      </object_component>
      <object_component id="oc-1d3">
         <name>__TI_cinit_table</name>
         <load_address>0xb50</load_address>
         <run_address>0xb50</run_address>
         <size>0x10</size>
      </object_component>
      <object_component id="oc-1a7">
         <name>.binit</name>
         <load_address>0x0</load_address>
         <run_address>0x0</run_address>
         <size>0x0</size>
      </object_component>
      <object_component id="oc-d5">
         <name>.data</name>
         <load_address>0x20000028</load_address>
         <run_address>0x20000028</run_address>
         <size>0x8</size>
         <input_file_ref idref="fl-1"/>
      </object_component>
      <object_component id="oc-12f">
         <name>.data</name>
         <load_address>0x20000030</load_address>
         <run_address>0x20000030</run_address>
         <size>0x4</size>
         <input_file_ref idref="fl-8"/>
      </object_component>
      <object_component id="oc-c3">
         <name>.bss:left_encoder</name>
         <uninitialized>true</uninitialized>
         <run_address>0x20000000</run_address>
         <size>0x14</size>
         <input_file_ref idref="fl-5"/>
      </object_component>
      <object_component id="oc-c6">
         <name>.bss:right_encoder</name>
         <uninitialized>true</uninitialized>
         <run_address>0x20000014</run_address>
         <size>0x14</size>
         <input_file_ref idref="fl-5"/>
      </object_component>
      <object_component id="oc-26">
         <name>.stack</name>
         <uninitialized>true</uninitialized>
         <run_address>0x2000fe00</run_address>
         <size>0x4</size>
         <input_file_ref idref="fl-ce"/>
      </object_component>
      <object_component id="oc-1d6">
         <name>.stack</name>
         <uninitialized>true</uninitialized>
         <run_address>0x2000fe00</run_address>
         <size>0x0</size>
      </object_component>
      <object_component id="oc-d9">
         <name>.debug_info</name>
         <load_address>0x0</load_address>
         <run_address>0x0</run_address>
         <size>0x564</size>
         <input_file_ref idref="fl-1"/>
      </object_component>
      <object_component id="oc-d6">
         <name>.debug_info</name>
         <load_address>0x564</load_address>
         <run_address>0x564</run_address>
         <size>0x11d</size>
         <input_file_ref idref="fl-1"/>
      </object_component>
      <object_component id="oc-71">
         <name>.debug_info</name>
         <load_address>0x681</load_address>
         <run_address>0x681</run_address>
         <size>0x349</size>
         <input_file_ref idref="fl-1"/>
      </object_component>
      <object_component id="oc-147">
         <name>.debug_info</name>
         <load_address>0x9ca</load_address>
         <run_address>0x9ca</run_address>
         <size>0x1055</size>
         <input_file_ref idref="fl-1"/>
      </object_component>
      <object_component id="oc-d0">
         <name>.debug_info</name>
         <load_address>0x1a1f</load_address>
         <run_address>0x1a1f</run_address>
         <size>0x37e2</size>
         <input_file_ref idref="fl-1"/>
      </object_component>
      <object_component id="oc-dc">
         <name>.debug_info</name>
         <load_address>0x5201</load_address>
         <run_address>0x5201</run_address>
         <size>0x26b</size>
         <input_file_ref idref="fl-1"/>
      </object_component>
      <object_component id="oc-2f">
         <name>.debug_info</name>
         <load_address>0x546c</load_address>
         <run_address>0x546c</run_address>
         <size>0x84</size>
         <input_file_ref idref="fl-1"/>
      </object_component>
      <object_component id="oc-140">
         <name>.debug_info</name>
         <load_address>0x54f0</load_address>
         <run_address>0x54f0</run_address>
         <size>0x297</size>
         <input_file_ref idref="fl-1"/>
      </object_component>
      <object_component id="oc-ca">
         <name>.debug_info</name>
         <load_address>0x5787</load_address>
         <run_address>0x5787</run_address>
         <size>0xbb</size>
         <input_file_ref idref="fl-1"/>
      </object_component>
      <object_component id="oc-172">
         <name>.debug_info</name>
         <load_address>0x5842</load_address>
         <run_address>0x5842</run_address>
         <size>0x673</size>
         <input_file_ref idref="fl-2"/>
      </object_component>
      <object_component id="oc-139">
         <name>.debug_info</name>
         <load_address>0x5eb5</load_address>
         <run_address>0x5eb5</run_address>
         <size>0x9e</size>
         <input_file_ref idref="fl-2"/>
      </object_component>
      <object_component id="oc-cf">
         <name>.debug_info</name>
         <load_address>0x5f53</load_address>
         <run_address>0x5f53</run_address>
         <size>0x560</size>
         <input_file_ref idref="fl-5"/>
      </object_component>
      <object_component id="oc-c4">
         <name>.debug_info</name>
         <load_address>0x64b3</load_address>
         <run_address>0x64b3</run_address>
         <size>0x104</size>
         <input_file_ref idref="fl-5"/>
      </object_component>
      <object_component id="oc-c7">
         <name>.debug_info</name>
         <load_address>0x65b7</load_address>
         <run_address>0x65b7</run_address>
         <size>0x106</size>
         <input_file_ref idref="fl-5"/>
      </object_component>
      <object_component id="oc-6b">
         <name>.debug_info</name>
         <load_address>0x66bd</load_address>
         <run_address>0x66bd</run_address>
         <size>0x51d</size>
         <input_file_ref idref="fl-5"/>
      </object_component>
      <object_component id="oc-78">
         <name>.debug_info</name>
         <load_address>0x6bda</load_address>
         <run_address>0x6bda</run_address>
         <size>0x2ec</size>
         <input_file_ref idref="fl-7"/>
      </object_component>
      <object_component id="oc-24">
         <name>.debug_info</name>
         <load_address>0x6ec6</load_address>
         <run_address>0x6ec6</run_address>
         <size>0x118</size>
         <input_file_ref idref="fl-7"/>
      </object_component>
      <object_component id="oc-65">
         <name>.debug_info</name>
         <load_address>0x6fde</load_address>
         <run_address>0x6fde</run_address>
         <size>0x1df</size>
         <input_file_ref idref="fl-7"/>
      </object_component>
      <object_component id="oc-130">
         <name>.debug_info</name>
         <load_address>0x71bd</load_address>
         <run_address>0x71bd</run_address>
         <size>0x111</size>
         <input_file_ref idref="fl-8"/>
      </object_component>
      <object_component id="oc-a9">
         <name>.debug_info</name>
         <load_address>0x72ce</load_address>
         <run_address>0x72ce</run_address>
         <size>0x283</size>
         <input_file_ref idref="fl-8"/>
      </object_component>
      <object_component id="oc-b5">
         <name>.debug_info</name>
         <load_address>0x7551</load_address>
         <run_address>0x7551</run_address>
         <size>0x132</size>
         <input_file_ref idref="fl-c4"/>
      </object_component>
      <object_component id="oc-ba">
         <name>.debug_info</name>
         <load_address>0x7683</load_address>
         <run_address>0x7683</run_address>
         <size>0x132</size>
         <input_file_ref idref="fl-c5"/>
      </object_component>
      <object_component id="oc-bf">
         <name>.debug_info</name>
         <load_address>0x77b5</load_address>
         <run_address>0x77b5</run_address>
         <size>0x136</size>
         <input_file_ref idref="fl-c7"/>
      </object_component>
      <object_component id="oc-b0">
         <name>.debug_info</name>
         <load_address>0x78eb</load_address>
         <run_address>0x78eb</run_address>
         <size>0x126</size>
         <input_file_ref idref="fl-ca"/>
      </object_component>
      <object_component id="oc-8f">
         <name>.debug_info</name>
         <load_address>0x7a11</load_address>
         <run_address>0x7a11</run_address>
         <size>0x313</size>
         <input_file_ref idref="fl-cb"/>
      </object_component>
      <object_component id="oc-41">
         <name>.debug_info</name>
         <load_address>0x7d24</load_address>
         <run_address>0x7d24</run_address>
         <size>0x1b4</size>
         <input_file_ref idref="fl-cb"/>
      </object_component>
      <object_component id="oc-8a">
         <name>.debug_info</name>
         <load_address>0x7ed8</load_address>
         <run_address>0x7ed8</run_address>
         <size>0x46</size>
         <input_file_ref idref="fl-cb"/>
      </object_component>
      <object_component id="oc-e8">
         <name>.debug_info</name>
         <load_address>0x7f1e</load_address>
         <run_address>0x7f1e</run_address>
         <size>0x2c</size>
         <input_file_ref idref="fl-cb"/>
      </object_component>
      <object_component id="oc-3f">
         <name>.debug_info</name>
         <load_address>0x7f4a</load_address>
         <run_address>0x7f4a</run_address>
         <size>0x29d</size>
         <input_file_ref idref="fl-cc"/>
      </object_component>
      <object_component id="oc-1b">
         <name>.debug_info</name>
         <load_address>0x81e7</load_address>
         <run_address>0x81e7</run_address>
         <size>0x1df</size>
         <input_file_ref idref="fl-cc"/>
      </object_component>
      <object_component id="oc-3a">
         <name>.debug_info</name>
         <load_address>0x83c6</load_address>
         <run_address>0x83c6</run_address>
         <size>0x46</size>
         <input_file_ref idref="fl-cc"/>
      </object_component>
      <object_component id="oc-82">
         <name>.debug_info</name>
         <load_address>0x840c</load_address>
         <run_address>0x840c</run_address>
         <size>0x2c</size>
         <input_file_ref idref="fl-cc"/>
      </object_component>
      <object_component id="oc-80">
         <name>.debug_info</name>
         <load_address>0x8438</load_address>
         <run_address>0x8438</run_address>
         <size>0x293</size>
         <input_file_ref idref="fl-cd"/>
      </object_component>
      <object_component id="oc-15">
         <name>.debug_info</name>
         <load_address>0x86cb</load_address>
         <run_address>0x86cb</run_address>
         <size>0x245</size>
         <input_file_ref idref="fl-cd"/>
      </object_component>
      <object_component id="oc-2a">
         <name>.debug_info</name>
         <load_address>0x8910</load_address>
         <run_address>0x8910</run_address>
         <size>0x60</size>
         <input_file_ref idref="fl-cd"/>
      </object_component>
      <object_component id="oc-e1">
         <name>.debug_info</name>
         <load_address>0x8970</load_address>
         <run_address>0x8970</run_address>
         <size>0x46</size>
         <input_file_ref idref="fl-cd"/>
      </object_component>
      <object_component id="oc-7b">
         <name>.debug_info</name>
         <load_address>0x89b6</load_address>
         <run_address>0x89b6</run_address>
         <size>0x39</size>
         <input_file_ref idref="fl-cd"/>
      </object_component>
      <object_component id="oc-27">
         <name>.debug_info</name>
         <load_address>0x89ef</load_address>
         <run_address>0x89ef</run_address>
         <size>0x100</size>
         <input_file_ref idref="fl-ce"/>
      </object_component>
      <object_component id="oc-53">
         <name>.debug_info</name>
         <load_address>0x8aef</load_address>
         <run_address>0x8aef</run_address>
         <size>0x1a4</size>
         <input_file_ref idref="fl-ce"/>
      </object_component>
      <object_component id="oc-f2">
         <name>.debug_info</name>
         <load_address>0x8c93</load_address>
         <run_address>0x8c93</run_address>
         <size>0x117</size>
         <input_file_ref idref="fl-cf"/>
      </object_component>
      <object_component id="oc-35">
         <name>.debug_info</name>
         <load_address>0x8daa</load_address>
         <run_address>0x8daa</run_address>
         <size>0x111</size>
         <input_file_ref idref="fl-d3"/>
      </object_component>
      <object_component id="oc-15b">
         <name>.debug_info</name>
         <load_address>0x8ebb</load_address>
         <run_address>0x8ebb</run_address>
         <size>0x547</size>
         <input_file_ref idref="fl-d4"/>
      </object_component>
      <object_component id="oc-fe">
         <name>.debug_info</name>
         <load_address>0x9402</load_address>
         <run_address>0x9402</run_address>
         <size>0x19b</size>
         <input_file_ref idref="fl-d4"/>
      </object_component>
      <object_component id="oc-183">
         <name>.debug_info</name>
         <load_address>0x959d</load_address>
         <run_address>0x959d</run_address>
         <size>0x39</size>
         <input_file_ref idref="fl-d4"/>
      </object_component>
      <object_component id="oc-199">
         <name>.debug_info</name>
         <load_address>0x95d6</load_address>
         <run_address>0x95d6</run_address>
         <size>0x39</size>
         <input_file_ref idref="fl-d4"/>
      </object_component>
      <object_component id="oc-188">
         <name>.debug_info</name>
         <load_address>0x960f</load_address>
         <run_address>0x960f</run_address>
         <size>0x39</size>
         <input_file_ref idref="fl-d4"/>
      </object_component>
      <object_component id="oc-18d">
         <name>.debug_info</name>
         <load_address>0x9648</load_address>
         <run_address>0x9648</run_address>
         <size>0xcd</size>
         <input_file_ref idref="fl-d4"/>
      </object_component>
      <object_component id="oc-97">
         <name>.debug_info</name>
         <load_address>0x9715</load_address>
         <run_address>0x9715</run_address>
         <size>0x148</size>
         <input_file_ref idref="fl-d5"/>
      </object_component>
      <object_component id="oc-1d7">
         <name>.debug_info</name>
         <load_address>0x985d</load_address>
         <run_address>0x985d</run_address>
         <size>0xc7</size>
      </object_component>
      <object_component id="oc-14f">
         <name>.debug_line</name>
         <load_address>0x0</load_address>
         <run_address>0x0</run_address>
         <size>0x20</size>
         <input_file_ref idref="fl-1"/>
      </object_component>
      <object_component id="oc-14d">
         <name>.debug_line</name>
         <load_address>0x20</load_address>
         <run_address>0x20</run_address>
         <size>0x33</size>
         <input_file_ref idref="fl-1"/>
      </object_component>
      <object_component id="oc-74">
         <name>.debug_line</name>
         <load_address>0x53</load_address>
         <run_address>0x53</run_address>
         <size>0xe9</size>
         <input_file_ref idref="fl-1"/>
      </object_component>
      <object_component id="oc-14a">
         <name>.debug_line</name>
         <load_address>0x13c</load_address>
         <run_address>0x13c</run_address>
         <size>0x60</size>
         <input_file_ref idref="fl-1"/>
      </object_component>
      <object_component id="oc-d3">
         <name>.debug_line</name>
         <load_address>0x19c</load_address>
         <run_address>0x19c</run_address>
         <size>0x5d</size>
         <input_file_ref idref="fl-1"/>
      </object_component>
      <object_component id="oc-df">
         <name>.debug_line</name>
         <load_address>0x1f9</load_address>
         <run_address>0x1f9</run_address>
         <size>0x74</size>
         <input_file_ref idref="fl-1"/>
      </object_component>
      <object_component id="oc-32">
         <name>.debug_line</name>
         <load_address>0x26d</load_address>
         <run_address>0x26d</run_address>
         <size>0x20</size>
         <input_file_ref idref="fl-1"/>
      </object_component>
      <object_component id="oc-143">
         <name>.debug_line</name>
         <load_address>0x28d</load_address>
         <run_address>0x28d</run_address>
         <size>0x78</size>
         <input_file_ref idref="fl-1"/>
      </object_component>
      <object_component id="oc-cd">
         <name>.debug_line</name>
         <load_address>0x305</load_address>
         <run_address>0x305</run_address>
         <size>0x75</size>
         <input_file_ref idref="fl-1"/>
      </object_component>
      <object_component id="oc-195">
         <name>.debug_line</name>
         <load_address>0x37a</load_address>
         <run_address>0x37a</run_address>
         <size>0x75</size>
         <input_file_ref idref="fl-2"/>
      </object_component>
      <object_component id="oc-13c">
         <name>.debug_line</name>
         <load_address>0x3ef</load_address>
         <run_address>0x3ef</run_address>
         <size>0x53</size>
         <input_file_ref idref="fl-2"/>
      </object_component>
      <object_component id="oc-146">
         <name>.debug_line</name>
         <load_address>0x442</load_address>
         <run_address>0x442</run_address>
         <size>0x20</size>
         <input_file_ref idref="fl-5"/>
      </object_component>
      <object_component id="oc-138">
         <name>.debug_line</name>
         <load_address>0x462</load_address>
         <run_address>0x462</run_address>
         <size>0x44</size>
         <input_file_ref idref="fl-5"/>
      </object_component>
      <object_component id="oc-13f">
         <name>.debug_line</name>
         <load_address>0x4a6</load_address>
         <run_address>0x4a6</run_address>
         <size>0x44</size>
         <input_file_ref idref="fl-5"/>
      </object_component>
      <object_component id="oc-6e">
         <name>.debug_line</name>
         <load_address>0x4ea</load_address>
         <run_address>0x4ea</run_address>
         <size>0x172</size>
         <input_file_ref idref="fl-5"/>
      </object_component>
      <object_component id="oc-db">
         <name>.debug_line</name>
         <load_address>0x65c</load_address>
         <run_address>0x65c</run_address>
         <size>0x40</size>
         <input_file_ref idref="fl-7"/>
      </object_component>
      <object_component id="oc-77">
         <name>.debug_line</name>
         <load_address>0x69c</load_address>
         <run_address>0x69c</run_address>
         <size>0x40</size>
         <input_file_ref idref="fl-7"/>
      </object_component>
      <object_component id="oc-68">
         <name>.debug_line</name>
         <load_address>0x6dc</load_address>
         <run_address>0x6dc</run_address>
         <size>0x71</size>
         <input_file_ref idref="fl-7"/>
      </object_component>
      <object_component id="oc-171">
         <name>.debug_line</name>
         <load_address>0x74d</load_address>
         <run_address>0x74d</run_address>
         <size>0x3b</size>
         <input_file_ref idref="fl-8"/>
      </object_component>
      <object_component id="oc-ac">
         <name>.debug_line</name>
         <load_address>0x788</load_address>
         <run_address>0x788</run_address>
         <size>0x159</size>
         <input_file_ref idref="fl-8"/>
      </object_component>
      <object_component id="oc-b8">
         <name>.debug_line</name>
         <load_address>0x8e1</load_address>
         <run_address>0x8e1</run_address>
         <size>0xa8</size>
         <input_file_ref idref="fl-c4"/>
      </object_component>
      <object_component id="oc-bd">
         <name>.debug_line</name>
         <load_address>0x989</load_address>
         <run_address>0x989</run_address>
         <size>0x8e</size>
         <input_file_ref idref="fl-c5"/>
      </object_component>
      <object_component id="oc-c2">
         <name>.debug_line</name>
         <load_address>0xa17</load_address>
         <run_address>0xa17</run_address>
         <size>0x67</size>
         <input_file_ref idref="fl-c7"/>
      </object_component>
      <object_component id="oc-b3">
         <name>.debug_line</name>
         <load_address>0xa7e</load_address>
         <run_address>0xa7e</run_address>
         <size>0x4c</size>
         <input_file_ref idref="fl-ca"/>
      </object_component>
      <object_component id="oc-ee">
         <name>.debug_line</name>
         <load_address>0xaca</load_address>
         <run_address>0xaca</run_address>
         <size>0x9e</size>
         <input_file_ref idref="fl-cb"/>
      </object_component>
      <object_component id="oc-44">
         <name>.debug_line</name>
         <load_address>0xb68</load_address>
         <run_address>0xb68</run_address>
         <size>0x4f</size>
         <input_file_ref idref="fl-cb"/>
      </object_component>
      <object_component id="oc-8d">
         <name>.debug_line</name>
         <load_address>0xbb7</load_address>
         <run_address>0xbb7</run_address>
         <size>0x34</size>
         <input_file_ref idref="fl-cb"/>
      </object_component>
      <object_component id="oc-eb">
         <name>.debug_line</name>
         <load_address>0xbeb</load_address>
         <run_address>0xbeb</run_address>
         <size>0x8a</size>
         <input_file_ref idref="fl-cb"/>
      </object_component>
      <object_component id="oc-88">
         <name>.debug_line</name>
         <load_address>0xc75</load_address>
         <run_address>0xc75</run_address>
         <size>0x20</size>
         <input_file_ref idref="fl-cc"/>
      </object_component>
      <object_component id="oc-1e">
         <name>.debug_line</name>
         <load_address>0xc95</load_address>
         <run_address>0xc95</run_address>
         <size>0x55</size>
         <input_file_ref idref="fl-cc"/>
      </object_component>
      <object_component id="oc-3d">
         <name>.debug_line</name>
         <load_address>0xcea</load_address>
         <run_address>0xcea</run_address>
         <size>0x3a</size>
         <input_file_ref idref="fl-cc"/>
      </object_component>
      <object_component id="oc-85">
         <name>.debug_line</name>
         <load_address>0xd24</load_address>
         <run_address>0xd24</run_address>
         <size>0x8a</size>
         <input_file_ref idref="fl-cc"/>
      </object_component>
      <object_component id="oc-e7">
         <name>.debug_line</name>
         <load_address>0xdae</load_address>
         <run_address>0xdae</run_address>
         <size>0x20</size>
         <input_file_ref idref="fl-cd"/>
      </object_component>
      <object_component id="oc-18">
         <name>.debug_line</name>
         <load_address>0xdce</load_address>
         <run_address>0xdce</run_address>
         <size>0xa9</size>
         <input_file_ref idref="fl-cd"/>
      </object_component>
      <object_component id="oc-2d">
         <name>.debug_line</name>
         <load_address>0xe77</load_address>
         <run_address>0xe77</run_address>
         <size>0x3a</size>
         <input_file_ref idref="fl-cd"/>
      </object_component>
      <object_component id="oc-e4">
         <name>.debug_line</name>
         <load_address>0xeb1</load_address>
         <run_address>0xeb1</run_address>
         <size>0x92</size>
         <input_file_ref idref="fl-cd"/>
      </object_component>
      <object_component id="oc-7e">
         <name>.debug_line</name>
         <load_address>0xf43</load_address>
         <run_address>0xf43</run_address>
         <size>0x8e</size>
         <input_file_ref idref="fl-cd"/>
      </object_component>
      <object_component id="oc-7a">
         <name>.debug_line</name>
         <load_address>0xfd1</load_address>
         <run_address>0xfd1</run_address>
         <size>0x33</size>
         <input_file_ref idref="fl-ce"/>
      </object_component>
      <object_component id="oc-56">
         <name>.debug_line</name>
         <load_address>0x1004</load_address>
         <run_address>0x1004</run_address>
         <size>0x56</size>
         <input_file_ref idref="fl-ce"/>
      </object_component>
      <object_component id="oc-f5">
         <name>.debug_line</name>
         <load_address>0x105a</load_address>
         <run_address>0x105a</run_address>
         <size>0x3c</size>
         <input_file_ref idref="fl-cf"/>
      </object_component>
      <object_component id="oc-38">
         <name>.debug_line</name>
         <load_address>0x1096</load_address>
         <run_address>0x1096</run_address>
         <size>0x88</size>
         <input_file_ref idref="fl-d3"/>
      </object_component>
      <object_component id="oc-182">
         <name>.debug_line</name>
         <load_address>0x111e</load_address>
         <run_address>0x111e</run_address>
         <size>0xb7</size>
         <input_file_ref idref="fl-d4"/>
      </object_component>
      <object_component id="oc-101">
         <name>.debug_line</name>
         <load_address>0x11d5</load_address>
         <run_address>0x11d5</run_address>
         <size>0x6c</size>
         <input_file_ref idref="fl-d4"/>
      </object_component>
      <object_component id="oc-186">
         <name>.debug_line</name>
         <load_address>0x1241</load_address>
         <run_address>0x1241</run_address>
         <size>0x2e</size>
         <input_file_ref idref="fl-d4"/>
      </object_component>
      <object_component id="oc-19c">
         <name>.debug_line</name>
         <load_address>0x126f</load_address>
         <run_address>0x126f</run_address>
         <size>0x92</size>
         <input_file_ref idref="fl-d4"/>
      </object_component>
      <object_component id="oc-18b">
         <name>.debug_line</name>
         <load_address>0x1301</load_address>
         <run_address>0x1301</run_address>
         <size>0x8f</size>
         <input_file_ref idref="fl-d4"/>
      </object_component>
      <object_component id="oc-190">
         <name>.debug_line</name>
         <load_address>0x1390</load_address>
         <run_address>0x1390</run_address>
         <size>0x8b</size>
         <input_file_ref idref="fl-d4"/>
      </object_component>
      <object_component id="oc-9a">
         <name>.debug_line</name>
         <load_address>0x141b</load_address>
         <run_address>0x141b</run_address>
         <size>0x40</size>
         <input_file_ref idref="fl-d5"/>
      </object_component>
      <object_component id="oc-75">
         <name>.debug_frame</name>
         <load_address>0x0</load_address>
         <run_address>0x0</run_address>
         <size>0xa0</size>
         <input_file_ref idref="fl-1"/>
      </object_component>
      <object_component id="oc-6f">
         <name>.debug_frame</name>
         <load_address>0xa0</load_address>
         <run_address>0xa0</run_address>
         <size>0xe0</size>
         <input_file_ref idref="fl-5"/>
      </object_component>
      <object_component id="oc-69">
         <name>.debug_frame</name>
         <load_address>0x180</load_address>
         <run_address>0x180</run_address>
         <size>0x6c</size>
         <input_file_ref idref="fl-7"/>
      </object_component>
      <object_component id="oc-ad">
         <name>.debug_frame</name>
         <load_address>0x1ec</load_address>
         <run_address>0x1ec</run_address>
         <size>0x70</size>
         <input_file_ref idref="fl-8"/>
      </object_component>
      <object_component id="oc-45">
         <name>.debug_frame</name>
         <load_address>0x25c</load_address>
         <run_address>0x25c</run_address>
         <size>0x54</size>
         <input_file_ref idref="fl-cb"/>
      </object_component>
      <object_component id="oc-1f">
         <name>.debug_frame</name>
         <load_address>0x2b0</load_address>
         <run_address>0x2b0</run_address>
         <size>0x54</size>
         <input_file_ref idref="fl-cc"/>
      </object_component>
      <object_component id="oc-19">
         <name>.debug_frame</name>
         <load_address>0x304</load_address>
         <run_address>0x304</run_address>
         <size>0x60</size>
         <input_file_ref idref="fl-cd"/>
      </object_component>
      <object_component id="oc-57">
         <name>.debug_frame</name>
         <load_address>0x364</load_address>
         <run_address>0x364</run_address>
         <size>0x58</size>
         <input_file_ref idref="fl-ce"/>
      </object_component>
      <object_component id="oc-f6">
         <name>.debug_frame</name>
         <load_address>0x3bc</load_address>
         <run_address>0x3bc</run_address>
         <size>0x54</size>
         <input_file_ref idref="fl-cf"/>
      </object_component>
      <object_component id="oc-102">
         <name>.debug_frame</name>
         <load_address>0x410</load_address>
         <run_address>0x410</run_address>
         <size>0x5c</size>
         <input_file_ref idref="fl-d4"/>
      </object_component>
      <object_component id="oc-9b">
         <name>.debug_frame</name>
         <load_address>0x46c</load_address>
         <run_address>0x46c</run_address>
         <size>0x54</size>
         <input_file_ref idref="fl-d5"/>
      </object_component>
      <object_component id="oc-14e">
         <name>.debug_abbrev</name>
         <load_address>0x0</load_address>
         <run_address>0x0</run_address>
         <size>0x8a</size>
         <input_file_ref idref="fl-1"/>
      </object_component>
      <object_component id="oc-14c">
         <name>.debug_abbrev</name>
         <load_address>0x8a</load_address>
         <run_address>0x8a</run_address>
         <size>0x3d</size>
         <input_file_ref idref="fl-1"/>
      </object_component>
      <object_component id="oc-d8">
         <name>.debug_abbrev</name>
         <load_address>0xc7</load_address>
         <run_address>0xc7</run_address>
         <size>0xb4</size>
         <input_file_ref idref="fl-1"/>
      </object_component>
      <object_component id="oc-149">
         <name>.debug_abbrev</name>
         <load_address>0x17b</load_address>
         <run_address>0x17b</run_address>
         <size>0x97</size>
         <input_file_ref idref="fl-1"/>
      </object_component>
      <object_component id="oc-d2">
         <name>.debug_abbrev</name>
         <load_address>0x212</load_address>
         <run_address>0x212</run_address>
         <size>0xbd</size>
         <input_file_ref idref="fl-1"/>
      </object_component>
      <object_component id="oc-de">
         <name>.debug_abbrev</name>
         <load_address>0x2cf</load_address>
         <run_address>0x2cf</run_address>
         <size>0x69</size>
         <input_file_ref idref="fl-1"/>
      </object_component>
      <object_component id="oc-31">
         <name>.debug_abbrev</name>
         <load_address>0x338</load_address>
         <run_address>0x338</run_address>
         <size>0x1f</size>
         <input_file_ref idref="fl-1"/>
      </object_component>
      <object_component id="oc-142">
         <name>.debug_abbrev</name>
         <load_address>0x357</load_address>
         <run_address>0x357</run_address>
         <size>0x5c</size>
         <input_file_ref idref="fl-1"/>
      </object_component>
      <object_component id="oc-cc">
         <name>.debug_abbrev</name>
         <load_address>0x3b3</load_address>
         <run_address>0x3b3</run_address>
         <size>0x24</size>
         <input_file_ref idref="fl-1"/>
      </object_component>
      <object_component id="oc-194">
         <name>.debug_abbrev</name>
         <load_address>0x3d7</load_address>
         <run_address>0x3d7</run_address>
         <size>0xb8</size>
         <input_file_ref idref="fl-2"/>
      </object_component>
      <object_component id="oc-13b">
         <name>.debug_abbrev</name>
         <load_address>0x48f</load_address>
         <run_address>0x48f</run_address>
         <size>0x4b</size>
         <input_file_ref idref="fl-2"/>
      </object_component>
      <object_component id="oc-145">
         <name>.debug_abbrev</name>
         <load_address>0x4da</load_address>
         <run_address>0x4da</run_address>
         <size>0x71</size>
         <input_file_ref idref="fl-5"/>
      </object_component>
      <object_component id="oc-137">
         <name>.debug_abbrev</name>
         <load_address>0x54b</load_address>
         <run_address>0x54b</run_address>
         <size>0x27</size>
         <input_file_ref idref="fl-5"/>
      </object_component>
      <object_component id="oc-13e">
         <name>.debug_abbrev</name>
         <load_address>0x572</load_address>
         <run_address>0x572</run_address>
         <size>0x27</size>
         <input_file_ref idref="fl-5"/>
      </object_component>
      <object_component id="oc-c9">
         <name>.debug_abbrev</name>
         <load_address>0x599</load_address>
         <run_address>0x599</run_address>
         <size>0xdf</size>
         <input_file_ref idref="fl-5"/>
      </object_component>
      <object_component id="oc-da">
         <name>.debug_abbrev</name>
         <load_address>0x678</load_address>
         <run_address>0x678</run_address>
         <size>0x7c</size>
         <input_file_ref idref="fl-7"/>
      </object_component>
      <object_component id="oc-76">
         <name>.debug_abbrev</name>
         <load_address>0x6f4</load_address>
         <run_address>0x6f4</run_address>
         <size>0x29</size>
         <input_file_ref idref="fl-7"/>
      </object_component>
      <object_component id="oc-ae">
         <name>.debug_abbrev</name>
         <load_address>0x71d</load_address>
         <run_address>0x71d</run_address>
         <size>0x89</size>
         <input_file_ref idref="fl-7"/>
      </object_component>
      <object_component id="oc-170">
         <name>.debug_abbrev</name>
         <load_address>0x7a6</load_address>
         <run_address>0x7a6</run_address>
         <size>0x29</size>
         <input_file_ref idref="fl-8"/>
      </object_component>
      <object_component id="oc-132">
         <name>.debug_abbrev</name>
         <load_address>0x7cf</load_address>
         <run_address>0x7cf</run_address>
         <size>0x8b</size>
         <input_file_ref idref="fl-8"/>
      </object_component>
      <object_component id="oc-134">
         <name>.debug_abbrev</name>
         <load_address>0x85a</load_address>
         <run_address>0x85a</run_address>
         <size>0x3c</size>
         <input_file_ref idref="fl-c4"/>
      </object_component>
      <object_component id="oc-135">
         <name>.debug_abbrev</name>
         <load_address>0x896</load_address>
         <run_address>0x896</run_address>
         <size>0x3c</size>
         <input_file_ref idref="fl-c5"/>
      </object_component>
      <object_component id="oc-136">
         <name>.debug_abbrev</name>
         <load_address>0x8d2</load_address>
         <run_address>0x8d2</run_address>
         <size>0x3e</size>
         <input_file_ref idref="fl-c7"/>
      </object_component>
      <object_component id="oc-133">
         <name>.debug_abbrev</name>
         <load_address>0x910</load_address>
         <run_address>0x910</run_address>
         <size>0x3e</size>
         <input_file_ref idref="fl-ca"/>
      </object_component>
      <object_component id="oc-ed">
         <name>.debug_abbrev</name>
         <load_address>0x94e</load_address>
         <run_address>0x94e</run_address>
         <size>0x73</size>
         <input_file_ref idref="fl-cb"/>
      </object_component>
      <object_component id="oc-89">
         <name>.debug_abbrev</name>
         <load_address>0x9c1</load_address>
         <run_address>0x9c1</run_address>
         <size>0x6f</size>
         <input_file_ref idref="fl-cb"/>
      </object_component>
      <object_component id="oc-8c">
         <name>.debug_abbrev</name>
         <load_address>0xa30</load_address>
         <run_address>0xa30</run_address>
         <size>0x24</size>
         <input_file_ref idref="fl-cb"/>
      </object_component>
      <object_component id="oc-ea">
         <name>.debug_abbrev</name>
         <load_address>0xa54</load_address>
         <run_address>0xa54</run_address>
         <size>0x24</size>
         <input_file_ref idref="fl-cb"/>
      </object_component>
      <object_component id="oc-87">
         <name>.debug_abbrev</name>
         <load_address>0xa78</load_address>
         <run_address>0xa78</run_address>
         <size>0x37</size>
         <input_file_ref idref="fl-cc"/>
      </object_component>
      <object_component id="oc-39">
         <name>.debug_abbrev</name>
         <load_address>0xaaf</load_address>
         <run_address>0xaaf</run_address>
         <size>0x74</size>
         <input_file_ref idref="fl-cc"/>
      </object_component>
      <object_component id="oc-3c">
         <name>.debug_abbrev</name>
         <load_address>0xb23</load_address>
         <run_address>0xb23</run_address>
         <size>0x24</size>
         <input_file_ref idref="fl-cc"/>
      </object_component>
      <object_component id="oc-84">
         <name>.debug_abbrev</name>
         <load_address>0xb47</load_address>
         <run_address>0xb47</run_address>
         <size>0x24</size>
         <input_file_ref idref="fl-cc"/>
      </object_component>
      <object_component id="oc-e6">
         <name>.debug_abbrev</name>
         <load_address>0xb6b</load_address>
         <run_address>0xb6b</run_address>
         <size>0x37</size>
         <input_file_ref idref="fl-cd"/>
      </object_component>
      <object_component id="oc-29">
         <name>.debug_abbrev</name>
         <load_address>0xba2</load_address>
         <run_address>0xba2</run_address>
         <size>0x6f</size>
         <input_file_ref idref="fl-cd"/>
      </object_component>
      <object_component id="oc-2c">
         <name>.debug_abbrev</name>
         <load_address>0xc11</load_address>
         <run_address>0xc11</run_address>
         <size>0x24</size>
         <input_file_ref idref="fl-cd"/>
      </object_component>
      <object_component id="oc-e3">
         <name>.debug_abbrev</name>
         <load_address>0xc35</load_address>
         <run_address>0xc35</run_address>
         <size>0x35</size>
         <input_file_ref idref="fl-cd"/>
      </object_component>
      <object_component id="oc-7d">
         <name>.debug_abbrev</name>
         <load_address>0xc6a</load_address>
         <run_address>0xc6a</run_address>
         <size>0x24</size>
         <input_file_ref idref="fl-cd"/>
      </object_component>
      <object_component id="oc-79">
         <name>.debug_abbrev</name>
         <load_address>0xc8e</load_address>
         <run_address>0xc8e</run_address>
         <size>0x29</size>
         <input_file_ref idref="fl-ce"/>
      </object_component>
      <object_component id="oc-9f">
         <name>.debug_abbrev</name>
         <load_address>0xcb7</load_address>
         <run_address>0xcb7</run_address>
         <size>0x61</size>
         <input_file_ref idref="fl-ce"/>
      </object_component>
      <object_component id="oc-150">
         <name>.debug_abbrev</name>
         <load_address>0xd18</load_address>
         <run_address>0xd18</run_address>
         <size>0x45</size>
         <input_file_ref idref="fl-cf"/>
      </object_component>
      <object_component id="oc-81">
         <name>.debug_abbrev</name>
         <load_address>0xd5d</load_address>
         <run_address>0xd5d</run_address>
         <size>0x3e</size>
         <input_file_ref idref="fl-d3"/>
      </object_component>
      <object_component id="oc-181">
         <name>.debug_abbrev</name>
         <load_address>0xd9b</load_address>
         <run_address>0xd9b</run_address>
         <size>0xdb</size>
         <input_file_ref idref="fl-d4"/>
      </object_component>
      <object_component id="oc-15a">
         <name>.debug_abbrev</name>
         <load_address>0xe76</load_address>
         <run_address>0xe76</run_address>
         <size>0x7e</size>
         <input_file_ref idref="fl-d4"/>
      </object_component>
      <object_component id="oc-185">
         <name>.debug_abbrev</name>
         <load_address>0xef4</load_address>
         <run_address>0xef4</run_address>
         <size>0x24</size>
         <input_file_ref idref="fl-d4"/>
      </object_component>
      <object_component id="oc-19b">
         <name>.debug_abbrev</name>
         <load_address>0xf18</load_address>
         <run_address>0xf18</run_address>
         <size>0x24</size>
         <input_file_ref idref="fl-d4"/>
      </object_component>
      <object_component id="oc-18a">
         <name>.debug_abbrev</name>
         <load_address>0xf3c</load_address>
         <run_address>0xf3c</run_address>
         <size>0x24</size>
         <input_file_ref idref="fl-d4"/>
      </object_component>
      <object_component id="oc-18f">
         <name>.debug_abbrev</name>
         <load_address>0xf60</load_address>
         <run_address>0xf60</run_address>
         <size>0x4b</size>
         <input_file_ref idref="fl-d4"/>
      </object_component>
      <object_component id="oc-f0">
         <name>.debug_abbrev</name>
         <load_address>0xfab</load_address>
         <run_address>0xfab</run_address>
         <size>0x55</size>
         <input_file_ref idref="fl-d5"/>
      </object_component>
      <object_component id="oc-1d8">
         <name>.debug_abbrev</name>
         <load_address>0x1000</load_address>
         <run_address>0x1000</run_address>
         <size>0xf</size>
      </object_component>
      <object_component id="oc-14b">
         <name>.debug_str</name>
         <load_address>0x0</load_address>
         <run_address>0x0</run_address>
         <size>0x4af</size>
         <input_file_ref idref="fl-1"/>
      </object_component>
      <object_component id="oc-d4">
         <name>.debug_str</name>
         <load_address>0x4af</load_address>
         <run_address>0x4af</run_address>
         <size>0x15f3</size>
         <input_file_ref idref="fl-1"/>
      </object_component>
      <object_component id="oc-e0">
         <name>.debug_str</name>
         <load_address>0x1aa2</load_address>
         <run_address>0x1aa2</run_address>
         <size>0x2da</size>
         <input_file_ref idref="fl-1"/>
      </object_component>
      <object_component id="oc-33">
         <name>.debug_str</name>
         <load_address>0x1d7c</load_address>
         <run_address>0x1d7c</run_address>
         <size>0xfc</size>
         <input_file_ref idref="fl-1"/>
      </object_component>
      <object_component id="oc-144">
         <name>.debug_str</name>
         <load_address>0x1e78</load_address>
         <run_address>0x1e78</run_address>
         <size>0x369</size>
         <input_file_ref idref="fl-1"/>
      </object_component>
      <object_component id="oc-ce">
         <name>.debug_str</name>
         <load_address>0x21e1</load_address>
         <run_address>0x21e1</run_address>
         <size>0x172</size>
         <input_file_ref idref="fl-1"/>
      </object_component>
      <object_component id="oc-13d">
         <name>.debug_str</name>
         <load_address>0x2353</load_address>
         <run_address>0x2353</run_address>
         <size>0x12c</size>
         <input_file_ref idref="fl-2"/>
      </object_component>
      <object_component id="oc-8e">
         <name>.debug_str</name>
         <load_address>0x247f</load_address>
         <run_address>0x247f</run_address>
         <size>0xfa</size>
         <input_file_ref idref="fl-cb"/>
      </object_component>
      <object_component id="oc-ec">
         <name>.debug_str</name>
         <load_address>0x2579</load_address>
         <run_address>0x2579</run_address>
         <size>0x12d</size>
         <input_file_ref idref="fl-cb"/>
      </object_component>
      <object_component id="oc-3e">
         <name>.debug_str</name>
         <load_address>0x26a6</load_address>
         <run_address>0x26a6</run_address>
         <size>0x100</size>
         <input_file_ref idref="fl-cc"/>
      </object_component>
      <object_component id="oc-86">
         <name>.debug_str</name>
         <load_address>0x27a6</load_address>
         <run_address>0x27a6</run_address>
         <size>0x12d</size>
         <input_file_ref idref="fl-cc"/>
      </object_component>
      <object_component id="oc-2e">
         <name>.debug_str</name>
         <load_address>0x28d3</load_address>
         <run_address>0x28d3</run_address>
         <size>0x10d</size>
         <input_file_ref idref="fl-cd"/>
      </object_component>
      <object_component id="oc-e5">
         <name>.debug_str</name>
         <load_address>0x29e0</load_address>
         <run_address>0x29e0</run_address>
         <size>0x158</size>
         <input_file_ref idref="fl-cd"/>
      </object_component>
      <object_component id="oc-7f">
         <name>.debug_str</name>
         <load_address>0x2b38</load_address>
         <run_address>0x2b38</run_address>
         <size>0x145</size>
         <input_file_ref idref="fl-cd"/>
      </object_component>
      <object_component id="oc-187">
         <name>.debug_str</name>
         <load_address>0x2c7d</load_address>
         <run_address>0x2c7d</run_address>
         <size>0xe2</size>
         <input_file_ref idref="fl-d4"/>
      </object_component>
      <object_component id="oc-19d">
         <name>.debug_str</name>
         <load_address>0x2d5f</load_address>
         <run_address>0x2d5f</run_address>
         <size>0x144</size>
         <input_file_ref idref="fl-d4"/>
      </object_component>
      <object_component id="oc-18c">
         <name>.debug_str</name>
         <load_address>0x2ea3</load_address>
         <run_address>0x2ea3</run_address>
         <size>0x13d</size>
         <input_file_ref idref="fl-d4"/>
      </object_component>
      <object_component id="oc-191">
         <name>.debug_str</name>
         <load_address>0x2fe0</load_address>
         <run_address>0x2fe0</run_address>
         <size>0x184</size>
         <input_file_ref idref="fl-d4"/>
      </object_component>
      <object_component id="oc-72">
         <name>.debug_aranges</name>
         <load_address>0x0</load_address>
         <run_address>0x0</run_address>
         <size>0x38</size>
         <input_file_ref idref="fl-1"/>
      </object_component>
      <object_component id="oc-6c">
         <name>.debug_aranges</name>
         <load_address>0x38</load_address>
         <run_address>0x38</run_address>
         <size>0x50</size>
         <input_file_ref idref="fl-5"/>
      </object_component>
      <object_component id="oc-66">
         <name>.debug_aranges</name>
         <load_address>0x88</load_address>
         <run_address>0x88</run_address>
         <size>0x28</size>
         <input_file_ref idref="fl-7"/>
      </object_component>
      <object_component id="oc-aa">
         <name>.debug_aranges</name>
         <load_address>0xb0</load_address>
         <run_address>0xb0</run_address>
         <size>0x28</size>
         <input_file_ref idref="fl-8"/>
      </object_component>
      <object_component id="oc-b6">
         <name>.debug_aranges</name>
         <load_address>0xd8</load_address>
         <run_address>0xd8</run_address>
         <size>0x20</size>
         <input_file_ref idref="fl-c4"/>
      </object_component>
      <object_component id="oc-bb">
         <name>.debug_aranges</name>
         <load_address>0xf8</load_address>
         <run_address>0xf8</run_address>
         <size>0x20</size>
         <input_file_ref idref="fl-c5"/>
      </object_component>
      <object_component id="oc-c0">
         <name>.debug_aranges</name>
         <load_address>0x118</load_address>
         <run_address>0x118</run_address>
         <size>0x20</size>
         <input_file_ref idref="fl-c7"/>
      </object_component>
      <object_component id="oc-b1">
         <name>.debug_aranges</name>
         <load_address>0x138</load_address>
         <run_address>0x138</run_address>
         <size>0x20</size>
         <input_file_ref idref="fl-ca"/>
      </object_component>
      <object_component id="oc-42">
         <name>.debug_aranges</name>
         <load_address>0x158</load_address>
         <run_address>0x158</run_address>
         <size>0x20</size>
         <input_file_ref idref="fl-cb"/>
      </object_component>
      <object_component id="oc-1c">
         <name>.debug_aranges</name>
         <load_address>0x178</load_address>
         <run_address>0x178</run_address>
         <size>0x20</size>
         <input_file_ref idref="fl-cc"/>
      </object_component>
      <object_component id="oc-16">
         <name>.debug_aranges</name>
         <load_address>0x198</load_address>
         <run_address>0x198</run_address>
         <size>0x20</size>
         <input_file_ref idref="fl-cd"/>
      </object_component>
      <object_component id="oc-54">
         <name>.debug_aranges</name>
         <load_address>0x1b8</load_address>
         <run_address>0x1b8</run_address>
         <size>0x20</size>
         <input_file_ref idref="fl-ce"/>
      </object_component>
      <object_component id="oc-f3">
         <name>.debug_aranges</name>
         <load_address>0x1d8</load_address>
         <run_address>0x1d8</run_address>
         <size>0x20</size>
         <input_file_ref idref="fl-cf"/>
      </object_component>
      <object_component id="oc-36">
         <name>.debug_aranges</name>
         <load_address>0x1f8</load_address>
         <run_address>0x1f8</run_address>
         <size>0x20</size>
         <input_file_ref idref="fl-d3"/>
      </object_component>
      <object_component id="oc-ff">
         <name>.debug_aranges</name>
         <load_address>0x218</load_address>
         <run_address>0x218</run_address>
         <size>0x20</size>
         <input_file_ref idref="fl-d4"/>
      </object_component>
      <object_component id="oc-98">
         <name>.debug_aranges</name>
         <load_address>0x238</load_address>
         <run_address>0x238</run_address>
         <size>0x20</size>
         <input_file_ref idref="fl-d5"/>
      </object_component>
      <object_component id="oc-d7">
         <name>.debug_pubnames</name>
         <load_address>0x0</load_address>
         <run_address>0x0</run_address>
         <size>0x2d</size>
         <input_file_ref idref="fl-1"/>
      </object_component>
      <object_component id="oc-73">
         <name>.debug_pubnames</name>
         <load_address>0x2d</load_address>
         <run_address>0x2d</run_address>
         <size>0x67</size>
         <input_file_ref idref="fl-1"/>
      </object_component>
      <object_component id="oc-c5">
         <name>.debug_pubnames</name>
         <load_address>0x94</load_address>
         <run_address>0x94</run_address>
         <size>0x23</size>
         <input_file_ref idref="fl-5"/>
      </object_component>
      <object_component id="oc-c8">
         <name>.debug_pubnames</name>
         <load_address>0xb7</load_address>
         <run_address>0xb7</run_address>
         <size>0x24</size>
         <input_file_ref idref="fl-5"/>
      </object_component>
      <object_component id="oc-6d">
         <name>.debug_pubnames</name>
         <load_address>0xdb</load_address>
         <run_address>0xdb</run_address>
         <size>0xae</size>
         <input_file_ref idref="fl-5"/>
      </object_component>
      <object_component id="oc-25">
         <name>.debug_pubnames</name>
         <load_address>0x189</load_address>
         <run_address>0x189</run_address>
         <size>0x27</size>
         <input_file_ref idref="fl-7"/>
      </object_component>
      <object_component id="oc-67">
         <name>.debug_pubnames</name>
         <load_address>0x1b0</load_address>
         <run_address>0x1b0</run_address>
         <size>0x38</size>
         <input_file_ref idref="fl-7"/>
      </object_component>
      <object_component id="oc-131">
         <name>.debug_pubnames</name>
         <load_address>0x1e8</load_address>
         <run_address>0x1e8</run_address>
         <size>0x26</size>
         <input_file_ref idref="fl-8"/>
      </object_component>
      <object_component id="oc-ab">
         <name>.debug_pubnames</name>
         <load_address>0x20e</load_address>
         <run_address>0x20e</run_address>
         <size>0x3b</size>
         <input_file_ref idref="fl-8"/>
      </object_component>
      <object_component id="oc-b7">
         <name>.debug_pubnames</name>
         <load_address>0x249</load_address>
         <run_address>0x249</run_address>
         <size>0x23</size>
         <input_file_ref idref="fl-c4"/>
      </object_component>
      <object_component id="oc-bc">
         <name>.debug_pubnames</name>
         <load_address>0x26c</load_address>
         <run_address>0x26c</run_address>
         <size>0x23</size>
         <input_file_ref idref="fl-c5"/>
      </object_component>
      <object_component id="oc-c1">
         <name>.debug_pubnames</name>
         <load_address>0x28f</load_address>
         <run_address>0x28f</run_address>
         <size>0x22</size>
         <input_file_ref idref="fl-c7"/>
      </object_component>
      <object_component id="oc-b2">
         <name>.debug_pubnames</name>
         <load_address>0x2b1</load_address>
         <run_address>0x2b1</run_address>
         <size>0x23</size>
         <input_file_ref idref="fl-ca"/>
      </object_component>
      <object_component id="oc-43">
         <name>.debug_pubnames</name>
         <load_address>0x2d4</load_address>
         <run_address>0x2d4</run_address>
         <size>0x2e</size>
         <input_file_ref idref="fl-cb"/>
      </object_component>
      <object_component id="oc-1d">
         <name>.debug_pubnames</name>
         <load_address>0x302</load_address>
         <run_address>0x302</run_address>
         <size>0x2b</size>
         <input_file_ref idref="fl-cc"/>
      </object_component>
      <object_component id="oc-17">
         <name>.debug_pubnames</name>
         <load_address>0x32d</load_address>
         <run_address>0x32d</run_address>
         <size>0x2b</size>
         <input_file_ref idref="fl-cd"/>
      </object_component>
      <object_component id="oc-28">
         <name>.debug_pubnames</name>
         <load_address>0x358</load_address>
         <run_address>0x358</run_address>
         <size>0x1e</size>
         <input_file_ref idref="fl-ce"/>
      </object_component>
      <object_component id="oc-55">
         <name>.debug_pubnames</name>
         <load_address>0x376</load_address>
         <run_address>0x376</run_address>
         <size>0x26</size>
         <input_file_ref idref="fl-ce"/>
      </object_component>
      <object_component id="oc-f4">
         <name>.debug_pubnames</name>
         <load_address>0x39c</load_address>
         <run_address>0x39c</run_address>
         <size>0x1c</size>
         <input_file_ref idref="fl-cf"/>
      </object_component>
      <object_component id="oc-37">
         <name>.debug_pubnames</name>
         <load_address>0x3b8</load_address>
         <run_address>0x3b8</run_address>
         <size>0x1d</size>
         <input_file_ref idref="fl-d3"/>
      </object_component>
      <object_component id="oc-100">
         <name>.debug_pubnames</name>
         <load_address>0x3d5</load_address>
         <run_address>0x3d5</run_address>
         <size>0x35</size>
         <input_file_ref idref="fl-d4"/>
      </object_component>
      <object_component id="oc-99">
         <name>.debug_pubnames</name>
         <load_address>0x40a</load_address>
         <run_address>0x40a</run_address>
         <size>0x27</size>
         <input_file_ref idref="fl-d5"/>
      </object_component>
      <object_component id="oc-148">
         <name>.debug_pubtypes</name>
         <load_address>0x0</load_address>
         <run_address>0x0</run_address>
         <size>0xdd</size>
         <input_file_ref idref="fl-1"/>
      </object_component>
      <object_component id="oc-d1">
         <name>.debug_pubtypes</name>
         <load_address>0xdd</load_address>
         <run_address>0xdd</run_address>
         <size>0x2ce</size>
         <input_file_ref idref="fl-1"/>
      </object_component>
      <object_component id="oc-dd">
         <name>.debug_pubtypes</name>
         <load_address>0x3ab</load_address>
         <run_address>0x3ab</run_address>
         <size>0x25c</size>
         <input_file_ref idref="fl-1"/>
      </object_component>
      <object_component id="oc-30">
         <name>.debug_pubtypes</name>
         <load_address>0x607</load_address>
         <run_address>0x607</run_address>
         <size>0xed</size>
         <input_file_ref idref="fl-1"/>
      </object_component>
      <object_component id="oc-141">
         <name>.debug_pubtypes</name>
         <load_address>0x6f4</load_address>
         <run_address>0x6f4</run_address>
         <size>0x325</size>
         <input_file_ref idref="fl-1"/>
      </object_component>
      <object_component id="oc-cb">
         <name>.debug_pubtypes</name>
         <load_address>0xa19</load_address>
         <run_address>0xa19</run_address>
         <size>0xaa</size>
         <input_file_ref idref="fl-1"/>
      </object_component>
      <object_component id="oc-13a">
         <name>.debug_pubtypes</name>
         <load_address>0xac3</load_address>
         <run_address>0xac3</run_address>
         <size>0x38</size>
         <input_file_ref idref="fl-2"/>
      </object_component>
      <object_component id="oc-8b">
         <name>.debug_pubtypes</name>
         <load_address>0xafb</load_address>
         <run_address>0xafb</run_address>
         <size>0x48</size>
         <input_file_ref idref="fl-cb"/>
      </object_component>
      <object_component id="oc-e9">
         <name>.debug_pubtypes</name>
         <load_address>0xb43</load_address>
         <run_address>0xb43</run_address>
         <size>0x1d</size>
         <input_file_ref idref="fl-cb"/>
      </object_component>
      <object_component id="oc-3b">
         <name>.debug_pubtypes</name>
         <load_address>0xb60</load_address>
         <run_address>0xb60</run_address>
         <size>0x48</size>
         <input_file_ref idref="fl-cc"/>
      </object_component>
      <object_component id="oc-83">
         <name>.debug_pubtypes</name>
         <load_address>0xba8</load_address>
         <run_address>0xba8</run_address>
         <size>0x1d</size>
         <input_file_ref idref="fl-cc"/>
      </object_component>
      <object_component id="oc-2b">
         <name>.debug_pubtypes</name>
         <load_address>0xbc5</load_address>
         <run_address>0xbc5</run_address>
         <size>0x5d</size>
         <input_file_ref idref="fl-cd"/>
      </object_component>
      <object_component id="oc-e2">
         <name>.debug_pubtypes</name>
         <load_address>0xc22</load_address>
         <run_address>0xc22</run_address>
         <size>0x48</size>
         <input_file_ref idref="fl-cd"/>
      </object_component>
      <object_component id="oc-7c">
         <name>.debug_pubtypes</name>
         <load_address>0xc6a</load_address>
         <run_address>0xc6a</run_address>
         <size>0x35</size>
         <input_file_ref idref="fl-cd"/>
      </object_component>
      <object_component id="oc-184">
         <name>.debug_pubtypes</name>
         <load_address>0xc9f</load_address>
         <run_address>0xc9f</run_address>
         <size>0x32</size>
         <input_file_ref idref="fl-d4"/>
      </object_component>
      <object_component id="oc-19a">
         <name>.debug_pubtypes</name>
         <load_address>0xcd1</load_address>
         <run_address>0xcd1</run_address>
         <size>0x30</size>
         <input_file_ref idref="fl-d4"/>
      </object_component>
      <object_component id="oc-189">
         <name>.debug_pubtypes</name>
         <load_address>0xd01</load_address>
         <run_address>0xd01</run_address>
         <size>0x2c</size>
         <input_file_ref idref="fl-d4"/>
      </object_component>
      <object_component id="oc-18e">
         <name>.debug_pubtypes</name>
         <load_address>0xd2d</load_address>
         <run_address>0xd2d</run_address>
         <size>0x50</size>
         <input_file_ref idref="fl-d4"/>
      </object_component>
   </object_component_list>
   <logical_group_list>
      <logical_group id="lg-3" display="no" color="cyan">
         <name>.intvecs</name>
         <load_address>0x0</load_address>
         <run_address>0x0</run_address>
         <size>0xe4</size>
         <contents>
            <object_component_ref idref="oc-23"/>
         </contents>
      </logical_group>
      <logical_group id="lg-4" display="no" color="cyan">
         <name>.text</name>
         <load_address>0xe4</load_address>
         <run_address>0xe4</run_address>
         <size>0xa42</size>
         <contents>
            <object_component_ref idref="oc-a8"/>
            <object_component_ref idref="oc-6a"/>
            <object_component_ref idref="oc-b4"/>
            <object_component_ref idref="oc-b9"/>
            <object_component_ref idref="oc-70"/>
            <object_component_ref idref="oc-34"/>
            <object_component_ref idref="oc-be"/>
            <object_component_ref idref="oc-14"/>
            <object_component_ref idref="oc-fd"/>
            <object_component_ref idref="oc-52"/>
            <object_component_ref idref="oc-af"/>
            <object_component_ref idref="oc-40"/>
            <object_component_ref idref="oc-1a"/>
            <object_component_ref idref="oc-64"/>
            <object_component_ref idref="oc-96"/>
            <object_component_ref idref="oc-f1"/>
         </contents>
      </logical_group>
      <logical_group id="lg-5" display="no" color="cyan">
         <name>.const</name>
         <run_address>0x0</run_address>
         <size>0x0</size>
         <contents>
         </contents>
      </logical_group>
      <logical_group id="lg-6" display="no" color="cyan">
         <name>.cinit</name>
         <load_address>0xb28</load_address>
         <run_address>0xb28</run_address>
         <size>0x38</size>
         <contents>
            <object_component_ref idref="oc-1d4"/>
            <object_component_ref idref="oc-1d2"/>
            <object_component_ref idref="oc-1d5"/>
            <object_component_ref idref="oc-1d3"/>
         </contents>
      </logical_group>
      <logical_group id="lg-7" display="no" color="cyan">
         <name>.pinit</name>
         <run_address>0x0</run_address>
         <size>0x0</size>
         <contents>
         </contents>
      </logical_group>
      <logical_group id="lg-8" display="no" color="cyan">
         <name>.init_array</name>
         <run_address>0x0</run_address>
         <size>0x0</size>
         <contents>
         </contents>
      </logical_group>
      <logical_group id="lg-9" display="no" color="cyan">
         <name>.binit</name>
         <load_address>0x0</load_address>
         <run_address>0x0</run_address>
         <size>0x0</size>
         <contents>
            <object_component_ref idref="oc-1a7"/>
         </contents>
      </logical_group>
      <logical_group id="lg-a" display="no" color="cyan">
         <name>.flashMailbox</name>
         <run_address>0x0</run_address>
         <size>0x0</size>
         <contents>
         </contents>
      </logical_group>
      <logical_group id="lg-b" display="no" color="cyan">
         <name>.tlvTable</name>
         <run_address>0x0</run_address>
         <size>0x0</size>
         <contents>
         </contents>
      </logical_group>
      <logical_group id="lg-c" display="no" color="cyan">
         <name>.bslArea</name>
         <run_address>0x0</run_address>
         <size>0x0</size>
         <contents>
         </contents>
      </logical_group>
      <logical_group id="lg-d" display="no" color="cyan">
         <name>.vtable</name>
         <run_address>0x0</run_address>
         <size>0x0</size>
         <contents>
         </contents>
      </logical_group>
      <logical_group id="lg-e" display="no" color="cyan">
         <name>.data</name>
         <run_address>0x20000028</run_address>
         <size>0xc</size>
         <contents>
            <object_component_ref idref="oc-d5"/>
            <object_component_ref idref="oc-12f"/>
         </contents>
      </logical_group>
      <logical_group id="lg-f" display="no" color="cyan">
         <name>.bss</name>
         <run_address>0x20000000</run_address>
         <size>0x28</size>
         <contents>
            <object_component_ref idref="oc-c3"/>
            <object_component_ref idref="oc-c6"/>
         </contents>
      </logical_group>
      <logical_group id="lg-10" display="no" color="cyan">
         <name>.sysmem</name>
         <run_address>0x0</run_address>
         <size>0x0</size>
         <contents>
         </contents>
      </logical_group>
      <logical_group id="lg-11" display="no" color="cyan">
         <name>.stack</name>
         <run_address>0x2000fe00</run_address>
         <size>0x200</size>
         <contents>
            <object_component_ref idref="oc-26"/>
            <object_component_ref idref="oc-1d6"/>
         </contents>
      </logical_group>
      <logical_group id="lg-12" display="no" color="cyan">
         <name>.TI.ramfunc</name>
         <run_address>0x0</run_address>
         <size>0x0</size>
         <contents>
         </contents>
      </logical_group>
      <logical_group id="lg-1a5" display="no" color="cyan">
         <name>.TI.noinit</name>
         <run_address>0x0</run_address>
         <size>0x0</size>
         <contents>
         </contents>
      </logical_group>
      <logical_group id="lg-1a6" display="no" color="cyan">
         <name>.TI.persistent</name>
         <run_address>0x0</run_address>
         <size>0x0</size>
         <contents>
         </contents>
      </logical_group>
      <logical_group id="lg-1ba" display="never" color="cyan">
         <name>.debug_info</name>
         <load_address>0x0</load_address>
         <run_address>0x0</run_address>
         <size>0x9924</size>
         <contents>
            <object_component_ref idref="oc-d9"/>
            <object_component_ref idref="oc-d6"/>
            <object_component_ref idref="oc-71"/>
            <object_component_ref idref="oc-147"/>
            <object_component_ref idref="oc-d0"/>
            <object_component_ref idref="oc-dc"/>
            <object_component_ref idref="oc-2f"/>
            <object_component_ref idref="oc-140"/>
            <object_component_ref idref="oc-ca"/>
            <object_component_ref idref="oc-172"/>
            <object_component_ref idref="oc-139"/>
            <object_component_ref idref="oc-cf"/>
            <object_component_ref idref="oc-c4"/>
            <object_component_ref idref="oc-c7"/>
            <object_component_ref idref="oc-6b"/>
            <object_component_ref idref="oc-78"/>
            <object_component_ref idref="oc-24"/>
            <object_component_ref idref="oc-65"/>
            <object_component_ref idref="oc-130"/>
            <object_component_ref idref="oc-a9"/>
            <object_component_ref idref="oc-b5"/>
            <object_component_ref idref="oc-ba"/>
            <object_component_ref idref="oc-bf"/>
            <object_component_ref idref="oc-b0"/>
            <object_component_ref idref="oc-8f"/>
            <object_component_ref idref="oc-41"/>
            <object_component_ref idref="oc-8a"/>
            <object_component_ref idref="oc-e8"/>
            <object_component_ref idref="oc-3f"/>
            <object_component_ref idref="oc-1b"/>
            <object_component_ref idref="oc-3a"/>
[...]
            <object_component_ref idref="oc-dd"/>
            <object_component_ref idref="oc-30"/>
            <object_component_ref idref="oc-141"/>
            <object_component_ref idref="oc-cb"/>
            <object_component_ref idref="oc-13a"/>
            <object_component_ref idref="oc-8b"/>
            <object_component_ref idref="oc-e9"/>
            <object_component_ref idref="oc-3b"/>
            <object_component_ref idref="oc-83"/>
            <object_component_ref idref="oc-2b"/>
            <object_component_ref idref="oc-e2"/>
            <object_component_ref idref="oc-7c"/>
            <object_component_ref idref="oc-184"/>
            <object_component_ref idref="oc-19a"/>
            <object_component_ref idref="oc-189"/>
            <object_component_ref idref="oc-18e"/>
         </contents>
      </logical_group>
      <load_segment id="lg-1dc" display="no" color="cyan">
         <name>SEGMENT_0</name>
         <load_address>0x0</load_address>
         <run_address>0x0</run_address>
         <size>0xb60</size>
         <flags>0x5</flags>
         <contents>
            <logical_group_ref idref="lg-3"/>
            <logical_group_ref idref="lg-4"/>
            <logical_group_ref idref="lg-6"/>
         </contents>
      </load_segment>
      <load_segment id="lg-1dd" display="no" color="cyan">
         <name>SEGMENT_1</name>
         <run_address>0x20000000</run_address>
         <size>0x34</size>
         <flags>0x6</flags>
         <contents>
            <logical_group_ref idref="lg-f"/>
            <logical_group_ref idref="lg-e"/>
         </contents>
      </load_segment>
      <load_segment id="lg-1de" display="no" color="cyan">
         <name>SEGMENT_2</name>
         <run_address>0x2000fe00</run_address>
         <size>0x200</size>
         <flags>0x6</flags>
         <contents>
            <logical_group_ref idref="lg-11"/>
         </contents>
      </load_segment>
   </logical_group_list>
   <placement_map>
      <memory_area display="yes" color="green">
         <name>MAIN</name>
         <page_id>0x0</page_id>
         <origin>0x0</origin>
         <length>0x40000</length>
         <used_space>0xb5e</used_space>
         <unused_space>0x3f4a2</unused_space>
         <attributes>RX</attributes>
         <usage_details>
            <allocated_space>
               <start_address>0x0</start_address>
               <size>0x0</size>
               <logical_group_ref idref="lg-9"/>
            </allocated_space>
            <allocated_space>
               <start_address>0x0</start_address>
               <size>0xe4</size>
               <logical_group_ref idref="lg-3"/>
            </allocated_space>
            <allocated_space>
               <start_address>0xe4</start_address>
               <size>0xa42</size>
               <logical_group_ref idref="lg-4"/>
            </allocated_space>
            <available_space>
               <start_address>0xb26</start_address>
               <size>0x2</size>
            </available_space>
            <allocated_space>
               <start_address>0xb28</start_address>
               <size>0x38</size>
               <logical_group_ref idref="lg-6"/>
            </allocated_space>
            <available_space>
               <start_address>0xb60</start_address>
               <size>0x3f4a0</size>
            </available_space>
         </usage_details>
      </memory_area>
      <memory_area display="yes" color="green">
         <name>INFO</name>
         <page_id>0x0</page_id>
         <origin>0x200000</origin>
         <length>0x4000</length>
         <used_space>0x0</used_space>
         <unused_space>0x4000</unused_space>
         <attributes>RX</attributes>
         <usage_details>
         </usage_details>
      </memory_area>
      <memory_area display="yes" color="green">
         <name>SRAM_CODE</name>
         <page_id>0x0</page_id>
         <origin>0x1000000</origin>
         <length>0x10000</length>
         <used_space>0x234</used_space>
         <unused_space>0xfdcc</unused_space>
         <attributes>RWX</attributes>
         <usage_details>
            <allocated_space>
               <start_address>0x1000000</start_address>
               <size>0x28</size>
               <logical_group_ref idref="lg-f"/>
            </allocated_space>
            <allocated_space>
               <start_address>0x1000028</start_address>
               <size>0xc</size>
               <logical_group_ref idref="lg-e"/>
            </allocated_space>
            <available_space>
               <start_address>0x1000034</start_address>
               <size>0xfdcc</size>
            </available_space>
            <allocated_space>
               <start_address>0x100fe00</start_address>
               <size>0x200</size>
               <logical_group_ref idref="lg-11"/>
            </allocated_space>
         </usage_details>
      </memory_area>
      <memory_area display="yes" color="green">
         <name>SRAM_DATA</name>
         <page_id>0x0</page_id>
         <origin>0x20000000</origin>
         <length>0x10000</length>
         <used_space>0x234</used_space>
         <unused_space>0xfdcc</unused_space>
         <attributes>RW</attributes>
         <usage_details>
            <allocated_space>
               <start_address>0x20000000</start_address>
               <size>0x28</size>
               <logical_group_ref idref="lg-f"/>
            </allocated_space>
            <allocated_space>
               <start_address>0x20000028</start_address>
               <size>0xc</size>
               <logical_group_ref idref="lg-e"/>
            </allocated_space>
            <available_space>
               <start_address>0x20000034</start_address>
               <size>0xfdcc</size>
            </available_space>
            <allocated_space>
               <start_address>0x2000fe00</start_address>
               <size>0x200</size>
               <logical_group_ref idref="lg-11"/>
            </allocated_space>
         </usage_details>
      </memory_area>
   </placement_map>
   <cptbl_list>
      <cptbl>
         <name>__TI_cinit_table</name>
         <cprec>
            <name>.data</name>
            <load_address>0xb28</load_address>
            <load_size>0x11</load_size>
            <run_address>0x20000028</run_address>
            <run_size>0xc</run_size>
            <compression>lzss</compression>
         </cprec>
         <cprec>
            <name>.bss</name>
            <load_address>0xb48</load_address>
            <load_size>0x8</load_size>
            <run_address>0x20000000</run_address>
            <run_size>0x28</run_size>
            <compression>zero_init</compression>
         </cprec>
      </cptbl>
   </cptbl_list>
   <handler_table>
      <handler_table_name>__TI_handler_table</handler_table_name>
      <handler>
         <index>0x0</index>
         <name>__TI_decompress_lzss</name>
      </handler>
      <handler>
         <index>0x1</index>
         <name>__TI_decompress_none</name>
      </handler>
      <handler>
         <index>0x2</index>
         <name>__TI_zero_init</name>
      </handler>
   </handler_table>
   <symbol_table>
      <symbol id="sm-1">
         <name>WDTCTL_SYM</name>
         <value>0x4000480c</value>
      </symbol>
      <symbol id="sm-2">
         <name>__TI_CINIT_Base</name>
         <value>0xb50</value>
      </symbol>
      <symbol id="sm-3">
         <name>__TI_CINIT_Limit</name>
         <value>0xb60</value>
      </symbol>
      <symbol id="sm-4">
         <name>__TI_Handler_Table_Base</name>
         <value>0xb3c</value>
      </symbol>
      <symbol id="sm-5">
         <name>__TI_Handler_Table_Limit</name>
         <value>0xb48</value>
      </symbol>
      <symbol id="sm-6">
         <name>binit</name>
         <value>0xffffffff</value>
      </symbol>
      <symbol id="sm-7">
         <name>__binit__</name>
         <value>0xffffffff</value>
      </symbol>
      <symbol id="sm-8">
         <name>__STACK_SIZE</name>
         <value>0x200</value>
      </symbol>
      <symbol id="sm-9">
         <name>__STACK_END</name>
         <value>0x20010000</value>
      </symbol>
      <symbol id="sm-a">
         <name>__c_args__</name>
         <value>0xffffffff</value>
      </symbol>
      <symbol id="sm-b">
         <name>__TI_pprof_out_hndl</name>
         <value>0xffffffff</value>
      </symbol>
      <symbol id="sm-c">
         <name>__TI_prof_data_start</name>
         <value>0xffffffff</value>
      </symbol>
      <symbol id="sm-d">
         <name>__TI_prof_data_size</name>
         <value>0xffffffff</value>
      </symbol>
      <symbol id="sm-6b">
         <name>PORT4_IRQHandler</name>
         <value>0x897</value>
         <object_component_ref idref="oc-70"/>
      </symbol>
      <symbol id="sm-6c">
         <name>bump_task</name>
         <value>0x2000002c</value>
         <object_component_ref idref="oc-d5"/>
      </symbol>
      <symbol id="sm-6d">
         <name>bump_def_handler</name>
         <value>0x81d</value>
         <object_component_ref idref="oc-70"/>
      </symbol>
      <symbol id="sm-6e">
         <name>BumpSwitches_Init</name>
         <value>0x829</value>
         <object_component_ref idref="oc-70"/>
      </symbol>
      <symbol id="sm-b5">
         <name>motor_encoder_get_left</name>
         <value>0x4d7</value>
         <object_component_ref idref="oc-6a"/>
      </symbol>
      <symbol id="sm-b6">
         <name>motor_encoder_get_right</name>
         <value>0x4d3</value>
         <object_component_ref idref="oc-6a"/>
      </symbol>
      <symbol id="sm-b7">
         <name>PORT2_IRQHandler</name>
         <value>0x4db</value>
         <object_component_ref idref="oc-6a"/>
      </symbol>
      <symbol id="sm-b8">
         <name>MotorEncoder_Init</name>
         <value>0x445</value>
         <object_component_ref idref="oc-6a"/>
      </symbol>
      <symbol id="sm-b9">
         <name>count_to_cm</name>
         <value>0x4ab</value>
         <object_component_ref idref="oc-6a"/>
      </symbol>
      <symbol id="sm-ba">
         <name>TA0_N_IRQHandler</name>
         <value>0x511</value>
         <object_component_ref idref="oc-6a"/>
      </symbol>
      <symbol id="sm-d0">
         <name>Reset_Handler</name>
         <value>0xb11</value>
         <object_component_ref idref="oc-64"/>
      </symbol>
      <symbol id="sm-d1">
         <name>Default_Handler</name>
         <value>0xb1d</value>
         <object_component_ref idref="oc-64"/>
      </symbol>
      <symbol id="sm-d2">
         <name>interruptVectors</name>
         <value>0x0</value>
         <object_component_ref idref="oc-23"/>
      </symbol>
      <symbol id="sm-11a">
         <name>SystemInit</name>
         <value>0x35d</value>
         <object_component_ref idref="oc-a8"/>
      </symbol>
      <symbol id="sm-11b">
         <name>SystemCoreClockUpdate</name>
         <value>0xe5</value>
         <object_component_ref idref="oc-a8"/>
      </symbol>
      <symbol id="sm-11c">
         <name>SystemCoreClock</name>
         <value>0x20000030</value>
         <object_component_ref idref="oc-12f"/>
      </symbol>
      <symbol id="sm-132">
         <name>__aeabi_ddiv</name>
         <value>0x5bd</value>
         <object_component_ref idref="oc-b4"/>
      </symbol>
      <symbol id="sm-13d">
         <name>__aeabi_dmul</name>
         <value>0x6f3</value>
         <object_component_ref idref="oc-b9"/>
      </symbol>
      <symbol id="sm-14a">
         <name>__aeabi_d2f</name>
         <value>0x97d</value>
         <object_component_ref idref="oc-be"/>
      </symbol>
      <symbol id="sm-156">
         <name>__aeabi_ui2d</name>
         <value>0xad1</value>
         <object_component_ref idref="oc-af"/>
      </symbol>
      <symbol id="sm-16f">
         <name>__TI_zero_init_nomemset</name>
         <value>0xaf1</value>
         <object_component_ref idref="oc-40"/>
      </symbol>
      <symbol id="sm-186">
         <name>__TI_decompress_none</name>
         <value>0xb03</value>
         <object_component_ref idref="oc-1a"/>
      </symbol>
      <symbol id="sm-1a9">
         <name>__TI_decompress_lzss</name>
         <value>0x9eb</value>
         <object_component_ref idref="oc-14"/>
      </symbol>
      <symbol id="sm-1bc">
         <name>__stack</name>
         <value>0x2000fe00</value>
         <object_component_ref idref="oc-26"/>
      </symbol>
      <symbol id="sm-1bd">
         <name>_c_int00_noargs</name>
         <value>0xa99</value>
         <object_component_ref idref="oc-52"/>
      </symbol>
      <symbol id="sm-1c8">
         <name>C$$EXIT</name>
         <value>0xb23</value>
         <object_component_ref idref="oc-f1"/>
      </symbol>
      <symbol id="sm-1c9">
         <name>abort</name>
         <value>0xb23</value>
         <object_component_ref idref="oc-f1"/>
      </symbol>
      <symbol id="sm-1e7">
         <name>memcpy</name>
         <value>0x8e1</value>
         <object_component_ref idref="oc-34"/>
      </symbol>
      <symbol id="sm-1e8">
         <name>__aeabi_memcpy</name>
         <value>0x8e1</value>
         <object_component_ref idref="oc-34"/>
      </symbol>
      <symbol id="sm-1e9">
         <name>__aeabi_memcpy8</name>
         <value>0x8e1</value>
         <object_component_ref idref="oc-34"/>
      </symbol>
      <symbol id="sm-1ea">
         <name>__aeabi_memcpy4</name>
         <value>0x8e1</value>
         <object_component_ref idref="oc-34"/>
      </symbol>
      <symbol id="sm-212">
         <name>__TI_auto_init_nobinit_nopinit</name>
         <value>0xa55</value>
         <object_component_ref idref="oc-fd"/>
      </symbol>
      <symbol id="sm-21c">
         <name>_system_pre_init</name>
         <value>0xb1f</value>
         <object_component_ref idref="oc-96"/>
      </symbol>
      <symbol id="sm-21e">
         <name>__TI_static_base__</name>
         <value>0x0</value>
      </symbol>
      <symbol id="sm-221">
         <name>__mpu_init</name>
         <value>0x0</value>
      </symbol>
      <symbol id="sm-222">
         <name>main</name>
         <value>0x0</value>
      </symbol>
      <symbol id="sm-223">
         <name>_system_post_cinit</name>
         <value>0x0</value>
      </symbol>
      <symbol id="sm-224">
         <name>NMI_Handler</name>
         <value>0xb1d</value>
      </symbol>
      <symbol id="sm-225">
         <name>HardFault_Handler</name>
         <value>0xb1d</value>
      </symbol>
      <symbol id="sm-226">
         <name>MemManage_Handler</name>
         <value>0xb1d</value>
      </symbol>
      <symbol id="sm-227">
         <name>BusFault_Handler</name>
         <value>0xb1d</value>
      </symbol>
      <symbol id="sm-228">
         <name>UsageFault_Handler</name>
         <value>0xb1d</value>
      </symbol>
      <symbol id="sm-229">
         <name>SVC_Handler</name>
         <value>0xb1d</value>
      </symbol>
      <symbol id="sm-22a">
         <name>DebugMon_Handler</name>
         <value>0xb1d</value>
      </symbol>
      <symbol id="sm-22b">
         <name>PendSV_Handler</name>
         <value>0xb1d</value>
      </symbol>
      <symbol id="sm-22c">
         <name>SysTick_Handler</name>
         <value>0xb1d</value>
      </symbol>
      <symbol id="sm-22d">
         <name>PSS_IRQHandler</name>
         <value>0xb1d</value>
      </symbol>
      <symbol id="sm-22e">
         <name>CS_IRQHandler</name>
         <value>0xb1d</value>
      </symbol>
      <symbol id="sm-22f">
         <name>PCM_IRQHandler</name>
         <value>0xb1d</value>
      </symbol>
      <symbol id="sm-230">
         <name>WDT_A_IRQHandler</name>
         <value>0xb1d</value>
      </symbol>
      <symbol id="sm-231">
         <name>FPU_IRQHandler</name>
         <value>0xb1d</value>
      </symbol>
      <symbol id="sm-232">
         <name>FLCTL_IRQHandler</name>
         <value>0xb1d</value>
      </symbol>
      <symbol id="sm-233">
         <name>COMP_E0_IRQHandler</name>
         <value>0xb1d</value>
      </symbol>
      <symbol id="sm-234">
         <name>COMP_E1_IRQHandler</name>
         <value>0xb1d</value>
      </symbol>
      <symbol id="sm-235">
         <name>TA0_0_IRQHandler</name>
         <value>0xb1d</value>
      </symbol>
      <symbol id="sm-236">
         <name>TA0_N_IRQHandler</name>
         <value>0x511</value>
      </symbol>
      <symbol id="sm-237">
         <name>TA1_0_IRQHandler</name>
         <value>0xb1d</value>
      </symbol>
      <symbol id="sm-238">
         <name>TA1_N_IRQHandler</name>
         <value>0xb1d</value>
      </symbol>
      <symbol id="sm-239">
         <name>TA2_0_IRQHandler</name>
         <value>0xb1d</value>
      </symbol>
      <symbol id="sm-23a">
         <name>TA2_N_IRQHandler</name>
         <value>0xb1d</value>
      </symbol>
      <symbol id="sm-23b">
         <name>TA3_0_IRQHandler</name>
         <value>0xb1d</value>
      </symbol>
      <symbol id="sm-23c">
         <name>TA3_N_IRQHandler</name>
         <value>0xb1d</value>
      </symbol>
      <symbol id="sm-23d">
         <name>EUSCIA0_IRQHandler</name>
         <value>0xb1d</value>
      </symbol>
      <symbol id="sm-23e">
         <name>EUSCIA1_IRQHandler</name>
         <value>0xb1d</value>
      </symbol>
      <symbol id="sm-23f">
         <name>EUSCIA2_IRQHandler</name>
         <value>0xb1d</value>
      </symbol>
      <symbol id="sm-240">
         <name>EUSCIA3_IRQHandler</name>
         <value>0xb1d</value>
      </symbol>
      <symbol id="sm-241">
         <name>EUSCIB0_IRQHandler</name>
         <value>0xb1d</value>
      </symbol>
      <symbol id="sm-242">
         <name>EUSCIB1_IRQHandler</name>
         <value>0xb1d</value>
      </symbol>
      <symbol id="sm-243">
         <name>EUSCIB2_IRQHandler</name>
         <value>0xb1d</value>
      </symbol>
      <symbol id="sm-244">
         <name>EUSCIB3_IRQHandler</name>
         <value>0xb1d</value>
      </symbol>
      <symbol id="sm-245">
         <name>ADC14_IRQHandler</name>
         <value>0xb1d</value>
      </symbol>
      <symbol id="sm-246">
         <name>T32_INT1_IRQHandler</name>
         <value>0xb1d</value>
      </symbol>
      <symbol id="sm-247">
         <name>T32_INT2_IRQHandler</name>
         <value>0xb1d</value>
      </symbol>
      <symbol id="sm-248">
         <name>T32_INTC_IRQHandler</name>
         <value>0xb1d</value>
      </symbol>
      <symbol id="sm-249">
         <name>AES256_IRQHandler</name>
         <value>0xb1d</value>
      </symbol>
      <symbol id="sm-24a">
         <name>RTC_C_IRQHandler</name>
         <value>0xb1d</value>
      </symbol>
      <symbol id="sm-24b">
         <name>DMA_ERR_IRQHandler</name>
         <value>0xb1d</value>
      </symbol>
      <symbol id="sm-24c">
         <name>DMA_INT3_IRQHandler</name>
         <value>0xb1d</value>
      </symbol>
      <symbol id="sm-24d">
         <name>DMA_INT2_IRQHandler</name>
         <value>0xb1d</value>
      </symbol>
      <symbol id="sm-24e">
         <name>DMA_INT1_IRQHandler</name>
         <value>0xb1d</value>
      </symbol>
      <symbol id="sm-24f">
         <name>DMA_INT0_IRQHandler</name>
         <value>0xb1d</value>
      </symbol>
      <symbol id="sm-250">
         <name>PORT1_IRQHandler</name>
         <value>0xb1d</value>
      </symbol>
      <symbol id="sm-251">
         <name>PORT2_IRQHandler</name>
         <value>0x4db</value>
      </symbol>
      <symbol id="sm-252">
         <name>PORT3_IRQHandler</name>
         <value>0xb1d</value>
      </symbol>
      <symbol id="sm-253">
         <name>PORT4_IRQHandler</name>
         <value>0x897</value>
      </symbol>
      <symbol id="sm-254">
         <name>PORT5_IRQHandler</name>
         <value>0xb1d</value>
      </symbol>
      <symbol id="sm-255">
         <name>PORT6_IRQHandler</name>
         <value>0xb1d</value>
      </symbol>
   </symbol_table>
   <title>Link errors: red sections failed placement</title>
</link_info>
